Component: ARM Compiler 5.05 update 1 (build 106) Tool: armlink [4d0efa]

==============================================================================

Section Cross References

    CAN_DZ.o(i.CAN_RoboModule_DRV_Config) refers to can.o(i.Can_TxMessage) for Can_TxMessage
    CAN_DZ.o(i.CAN_RoboModule_DRV_Config) refers to CAN_DZ.o(i.CAN_Delay_Us) for CAN_Delay_Us
    CAN_DZ.o(i.CAN_RoboModule_DRV_Config) refers to CAN_DZ.o(.data) for Data
    CAN_DZ.o(i.CAN_RoboModule_DRV_Current_Mode) refers to can.o(i.Can_TxMessage) for Can_TxMessage
    CAN_DZ.o(i.CAN_RoboModule_DRV_Current_Mode) refers to CAN_DZ.o(i.CAN_Delay_Us) for CAN_Delay_Us
    CAN_DZ.o(i.CAN_RoboModule_DRV_Current_Mode) refers to CAN_DZ.o(.data) for Data
    CAN_DZ.o(i.CAN_RoboModule_DRV_Current_Position_Mode) refers to can.o(i.Can_TxMessage) for Can_TxMessage
    CAN_DZ.o(i.CAN_RoboModule_DRV_Current_Position_Mode) refers to CAN_DZ.o(i.CAN_Delay_Us) for CAN_Delay_Us
    CAN_DZ.o(i.CAN_RoboModule_DRV_Current_Position_Mode) refers to CAN_DZ.o(.data) for Data
    CAN_DZ.o(i.CAN_RoboModule_DRV_Current_Velocity_Mode) refers to can.o(i.Can_TxMessage) for Can_TxMessage
    CAN_DZ.o(i.CAN_RoboModule_DRV_Current_Velocity_Mode) refers to CAN_DZ.o(i.CAN_Delay_Us) for CAN_Delay_Us
    CAN_DZ.o(i.CAN_RoboModule_DRV_Current_Velocity_Mode) refers to CAN_DZ.o(.data) for Data
    CAN_DZ.o(i.CAN_RoboModule_DRV_Current_Velocity_Position_Mode) refers to can.o(i.Can_TxMessage) for Can_TxMessage
    CAN_DZ.o(i.CAN_RoboModule_DRV_Current_Velocity_Position_Mode) refers to CAN_DZ.o(i.CAN_Delay_Us) for CAN_Delay_Us
    CAN_DZ.o(i.CAN_RoboModule_DRV_Current_Velocity_Position_Mode) refers to CAN_DZ.o(.data) for Data
    CAN_DZ.o(i.CAN_RoboModule_DRV_Mode_Choice) refers to can.o(i.Can_TxMessage) for Can_TxMessage
    CAN_DZ.o(i.CAN_RoboModule_DRV_Mode_Choice) refers to CAN_DZ.o(i.CAN_Delay_Us) for CAN_Delay_Us
    CAN_DZ.o(i.CAN_RoboModule_DRV_Mode_Choice) refers to CAN_DZ.o(.data) for Data
    CAN_DZ.o(i.CAN_RoboModule_DRV_Online_Check) refers to can.o(i.Can_TxMessage) for Can_TxMessage
    CAN_DZ.o(i.CAN_RoboModule_DRV_Online_Check) refers to CAN_DZ.o(i.CAN_Delay_Us) for CAN_Delay_Us
    CAN_DZ.o(i.CAN_RoboModule_DRV_Online_Check) refers to CAN_DZ.o(.data) for Data
    CAN_DZ.o(i.CAN_RoboModule_DRV_OpenLoop_Mode) refers to can.o(i.Can_TxMessage) for Can_TxMessage
    CAN_DZ.o(i.CAN_RoboModule_DRV_OpenLoop_Mode) refers to CAN_DZ.o(i.CAN_Delay_Us) for CAN_Delay_Us
    CAN_DZ.o(i.CAN_RoboModule_DRV_OpenLoop_Mode) refers to CAN_DZ.o(.data) for Data
    CAN_DZ.o(i.CAN_RoboModule_DRV_Position_Mode) refers to can.o(i.Can_TxMessage) for Can_TxMessage
    CAN_DZ.o(i.CAN_RoboModule_DRV_Position_Mode) refers to CAN_DZ.o(i.CAN_Delay_Us) for CAN_Delay_Us
    CAN_DZ.o(i.CAN_RoboModule_DRV_Position_Mode) refers to CAN_DZ.o(.data) for Data
    CAN_DZ.o(i.CAN_RoboModule_DRV_Reset) refers to can.o(i.Can_TxMessage) for Can_TxMessage
    CAN_DZ.o(i.CAN_RoboModule_DRV_Reset) refers to CAN_DZ.o(i.CAN_Delay_Us) for CAN_Delay_Us
    CAN_DZ.o(i.CAN_RoboModule_DRV_Reset) refers to CAN_DZ.o(.data) for Data
    CAN_DZ.o(i.CAN_RoboModule_DRV_Velocity_Mode) refers to can.o(i.Can_TxMessage) for Can_TxMessage
    CAN_DZ.o(i.CAN_RoboModule_DRV_Velocity_Mode) refers to CAN_DZ.o(i.CAN_Delay_Us) for CAN_Delay_Us
    CAN_DZ.o(i.CAN_RoboModule_DRV_Velocity_Mode) refers to CAN_DZ.o(.data) for Data
    CAN_DZ.o(i.CAN_RoboModule_DRV_Velocity_Position_Mode) refers to can.o(i.Can_TxMessage) for Can_TxMessage
    CAN_DZ.o(i.CAN_RoboModule_DRV_Velocity_Position_Mode) refers to CAN_DZ.o(i.CAN_Delay_Us) for CAN_Delay_Us
    CAN_DZ.o(i.CAN_RoboModule_DRV_Velocity_Position_Mode) refers to CAN_DZ.o(.data) for Data
    data.o(i.DATE) refers to fadd.o(.text) for __aeabi_fadd
    data.o(i.DATE) refers to fmul.o(.text) for __aeabi_fmul
    data.o(i.DATE) refers to ffixi.o(.text) for __aeabi_f2iz
    data.o(i.DATE) refers to data.o(.bss) for str
    data.o(i.DATE) refers to ztjs.o(.data) for X
    data.o(i.DATE) refers to main.o(.data) for x
    data.o(i.delta_calcAngleYZ) refers to f2d.o(.text) for __aeabi_f2d
    data.o(i.delta_calcAngleYZ) refers to dadd.o(.text) for __aeabi_dsub
    data.o(i.delta_calcAngleYZ) refers to d2f.o(.text) for __aeabi_d2f
    data.o(i.delta_calcAngleYZ) refers to fmul.o(.text) for __aeabi_fmul
    data.o(i.delta_calcAngleYZ) refers to fadd.o(.text) for __aeabi_fadd
    data.o(i.delta_calcAngleYZ) refers to fdiv.o(.text) for __aeabi_fdiv
    data.o(i.delta_calcAngleYZ) refers to cfcmple.o(.text) for __aeabi_cfcmple
    data.o(i.delta_calcAngleYZ) refers to sqrt.o(i.sqrt) for sqrt
    data.o(i.delta_calcAngleYZ) refers to ddiv.o(.text) for __aeabi_ddiv
    data.o(i.delta_calcAngleYZ) refers to cfrcmple.o(.text) for __aeabi_cfrcmple
    data.o(i.delta_calcAngleYZ) refers to atan.o(i.atan) for atan
    data.o(i.delta_calcAngleYZ) refers to dmul.o(.text) for __aeabi_dmul
    data.o(i.delta_calcAngleYZ) refers to data.o(.bss) for PN
[...]
    i.vApplicationGetTimerTaskMemory         0x08006ee4   Section        0  cmsis_os2.o(i.vApplicationGetTimerTaskMemory)
    i.vListInitialise                        0x08006efc   Section        0  list.o(i.vListInitialise)
    i.vListInitialiseItem                    0x08006f16   Section        0  list.o(i.vListInitialiseItem)
    i.vListInsert                            0x08006f1c   Section        0  list.o(i.vListInsert)
    i.vListInsertEnd                         0x08006f50   Section        0  list.o(i.vListInsertEnd)
    i.vPortEnterCritical                     0x08006f68   Section        0  port.o(i.vPortEnterCritical)
    i.vPortExitCritical                      0x08006fbc   Section        0  port.o(i.vPortExitCritical)
    i.vPortFree                              0x08006ff8   Section        0  heap_4.o(i.vPortFree)
    i.vPortSetupTimerInterrupt               0x0800708c   Section        0  port.o(i.vPortSetupTimerInterrupt)
    i.vPortValidateInterruptPriority         0x080070b4   Section        0  port.o(i.vPortValidateInterruptPriority)
    i.vQueueAddToRegistry                    0x0800712c   Section        0  queue.o(i.vQueueAddToRegistry)
    i.vQueueWaitForMessageRestricted         0x08007158   Section        0  queue.o(i.vQueueWaitForMessageRestricted)
    i.vTaskDelay                             0x080071a4   Section        0  tasks.o(i.vTaskDelay)
    i.vTaskInternalSetTimeOutState           0x08007200   Section        0  tasks.o(i.vTaskInternalSetTimeOutState)
    i.vTaskMissedYield                       0x08007218   Section        0  tasks.o(i.vTaskMissedYield)
    i.vTaskPlaceOnEventList                  0x08007224   Section        0  tasks.o(i.vTaskPlaceOnEventList)
    i.vTaskPlaceOnEventListRestricted        0x0800725c   Section        0  tasks.o(i.vTaskPlaceOnEventListRestricted)
    i.vTaskStartScheduler                    0x0800729c   Section        0  tasks.o(i.vTaskStartScheduler)
    i.vTaskSuspendAll                        0x08007354   Section        0  tasks.o(i.vTaskSuspendAll)
    i.vTaskSwitchContext                     0x08007364   Section        0  tasks.o(i.vTaskSwitchContext)
    i.xPortStartScheduler                    0x080073f4   Section        0  port.o(i.xPortStartScheduler)
    i.xPortSysTickHandler                    0x080074ec   Section        0  port.o(i.xPortSysTickHandler)
    i.xQueueGenericCreateStatic              0x08007520   Section        0  queue.o(i.xQueueGenericCreateStatic)
    i.xQueueGenericReset                     0x08007600   Section        0  queue.o(i.xQueueGenericReset)
    i.xQueueGenericSend                      0x08007698   Section        0  queue.o(i.xQueueGenericSend)
    i.xQueueGenericSendFromISR               0x08007840   Section        0  queue.o(i.xQueueGenericSendFromISR)
    i.xQueueReceive                          0x08007938   Section        0  queue.o(i.xQueueReceive)
    i.xTaskCheckForTimeOut                   0x08007aa0   Section        0  tasks.o(i.xTaskCheckForTimeOut)
    i.xTaskCreate                            0x08007b2c   Section        0  tasks.o(i.xTaskCreate)
    i.xTaskCreateStatic                      0x08007b90   Section        0  tasks.o(i.xTaskCreateStatic)
    i.xTaskGetSchedulerState                 0x08007c48   Section        0  tasks.o(i.xTaskGetSchedulerState)
    i.xTaskGetTickCount                      0x08007c68   Section        0  tasks.o(i.xTaskGetTickCount)
    i.xTaskIncrementTick                     0x08007c74   Section        0  tasks.o(i.xTaskIncrementTick)
    i.xTaskPriorityDisinherit                0x08007db8   Section        0  tasks.o(i.xTaskPriorityDisinherit)
    i.xTaskRemoveFromEventList               0x08007e5c   Section        0  tasks.o(i.xTaskRemoveFromEventList)
    i.xTaskResumeAll                         0x08007ef4   Section        0  tasks.o(i.xTaskResumeAll)
    i.xTimerCreateTimerTask                  0x08007ff8   Section        0  timers.o(i.xTimerCreateTimerTask)
    i.xTimerGenericCommand                   0x08008070   Section        0  timers.o(i.xTimerGenericCommand)
    .constdata                               0x080080f4   Section       72  freertos.o(.constdata)
    .constdata                               0x0800813c   Section       24  system_stm32f1xx.o(.constdata)
    .constdata                               0x08008158   Section       48  cos_i.o(.constdata)
    C                                        0x08008158   Data          48  cos_i.o(.constdata)
    .constdata                               0x08008188   Section      200  rred.o(.constdata)
    pio2s                                    0x08008188   Data          48  rred.o(.constdata)
    twooverpi                                0x080081b8   Data         152  rred.o(.constdata)
    .constdata                               0x08008250   Section       40  sin_i.o(.constdata)
    S                                        0x08008250   Data          40  sin_i.o(.constdata)
    .conststring                             0x08008278   Section       20  freertos.o(.conststring)
    .data                                    0x20000000   Section       42  CAN_DZ.o(.data)
    .data                                    0x2000002a   Section        1  key.o(.data)
    key_up                                   0x2000002a   Data           1  key.o(.data)
    .data                                    0x2000002c   Section        9  stm32f1xx_hal.o(.data)
    .data                                    0x20000038   Section        4  cmsis_os2.o(.data)
    KernelState                              0x20000038   Data           4  cmsis_os2.o(.data)
    .data                                    0x2000003c   Section       24  heap_4.o(.data)
    xStart                                   0x2000003c   Data           8  heap_4.o(.data)
    pxEnd                                    0x20000044   Data           4  heap_4.o(.data)
    xFreeBytesRemaining                      0x20000048   Data           4  heap_4.o(.data)
    xMinimumEverFreeBytesRemaining           0x2000004c   Data           4  heap_4.o(.data)
    xBlockAllocatedBit                       0x20000050   Data           4  heap_4.o(.data)
    .data                                    0x20000054   Section       12  port.o(.data)
    uxCriticalNesting                        0x20000054   Data           4  port.o(.data)
    ucMaxSysCallPriority                     0x20000058   Data           1  port.o(.data)
    ulMaxPRIGROUPValue                       0x2000005c   Data           4  port.o(.data)
    .data                                    0x20000060   Section       60  tasks.o(.data)
    pxDelayedTaskList                        0x20000064   Data           4  tasks.o(.data)
    pxOverflowDelayedTaskList                0x20000068   Data           4  tasks.o(.data)
    uxDeletedTasksWaitingCleanUp             0x2000006c   Data           4  tasks.o(.data)
    uxCurrentNumberOfTasks                   0x20000070   Data           4  tasks.o(.data)
    xTickCount                               0x20000074   Data           4  tasks.o(.data)
    uxTopReadyPriority                       0x20000078   Data           4  tasks.o(.data)
    xSchedulerRunning                        0x2000007c   Data           4  tasks.o(.data)
    uxPendedTicks                            0x20000080   Data           4  tasks.o(.data)
    xYieldPending                            0x20000084   Data           4  tasks.o(.data)
    xNumOfOverflows                          0x20000088   Data           4  tasks.o(.data)
    uxTaskNumber                             0x2000008c   Data           4  tasks.o(.data)
    xNextTaskUnblockTime                     0x20000090   Data           4  tasks.o(.data)
    xIdleTaskHandle                          0x20000094   Data           4  tasks.o(.data)
    uxSchedulerSuspended                     0x20000098   Data           4  tasks.o(.data)
    .data                                    0x2000009c   Section       20  timers.o(.data)
    pxCurrentTimerList                       0x2000009c   Data           4  timers.o(.data)
    pxOverflowTimerList                      0x200000a0   Data           4  timers.o(.data)
    xTimerQueue                              0x200000a4   Data           4  timers.o(.data)
    xTimerTaskHandle                         0x200000a8   Data           4  timers.o(.data)
    xLastTime                                0x200000ac   Data           4  timers.o(.data)
    .data                                    0x200000b0   Section        8  freertos.o(.data)
    .data                                    0x200000b8   Section      183  main.o(.data)
    .data                                    0x20000170   Section        4  system_stm32f1xx.o(.data)
    .data                                    0x20000174   Section        4  stdout.o(.data)
    .data                                    0x20000178   Section        4  errno.o(.data)
    _errno                                   0x20000178   Data           4  errno.o(.data)
    .bss                                     0x2000017c   Section       16  CAN_DZ.o(.bss)
    .bss                                     0x2000018c   Section       72  data.o(.bss)
    .bss                                     0x200001d4   Section     1720  cmsis_os2.o(.bss)
    Idle_TCB                                 0x200001d4   Data          92  cmsis_os2.o(.bss)
    Idle_Stack                               0x20000230   Data         512  cmsis_os2.o(.bss)
    Timer_TCB                                0x20000430   Data          92  cmsis_os2.o(.bss)
    Timer_Stack                              0x2000048c   Data        1024  cmsis_os2.o(.bss)
    .bss                                     0x2000088c   Section     3072  heap_4.o(.bss)
    ucHeap                                   0x2000088c   Data        3072  heap_4.o(.bss)
    .bss                                     0x2000148c   Section       64  queue.o(.bss)
    .bss                                     0x200014cc   Section     1220  tasks.o(.bss)
    pxReadyTasksLists                        0x200014cc   Data        1120  tasks.o(.bss)
    xDelayedTaskList1                        0x2000192c   Data          20  tasks.o(.bss)
    xDelayedTaskList2                        0x20001940   Data          20  tasks.o(.bss)
    xPendingReadyList                        0x20001954   Data          20  tasks.o(.bss)
    xTasksWaitingTermination                 0x20001968   Data          20  tasks.o(.bss)
    xSuspendedTaskList                       0x2000197c   Data          20  tasks.o(.bss)
    .bss                                     0x20001990   Section      280  timers.o(.bss)
    xActiveTimerList1                        0x20001990   Data          20  timers.o(.bss)
    xActiveTimerList2                        0x200019a4   Data          20  timers.o(.bss)
    xStaticTimerQueue                        0x200019b8   Data          80  timers.o(.bss)
    ucStaticTimerQueueStorage                0x20001a08   Data         160  timers.o(.bss)
    .bss                                     0x20001aa8   Section       40  can.o(.bss)
    .bss                                     0x20001ad0   Section       80  main.o(.bss)
    .bss                                     0x20001b20   Section      216  tim.o(.bss)
    .bss                                     0x20001bf8   Section      272  usart.o(.bss)
    STACK                                    0x20001d08   Section     1024  startup_stm32f103xe.o(STACK)

    Global Symbols

    Symbol Name                              Value     Ov Type        Size  Object(Section)

    BuildAttributes$$THM_ISAv4$P$D$K$B$S$PE$A:L22UL41UL21$X:L11$S22US41US21$IEEE1$IW$USESV6$~STKCKD$USESV7$~SHL$OTIME$ROPI$IEEEX$EBA8$MICROLIB$REQ8$PRES8$EABIv2 0x00000000   Number         0  anon$$obj.o ABSOLUTE
    __ARM_use_no_argv                        0x00000000   Number         0  main.o ABSOLUTE
    _printf_a                                0x00000000   Number         0  stubs.o ABSOLUTE
    _printf_c                                0x00000000   Number         0  stubs.o ABSOLUTE
    _printf_charcount                        0x00000000   Number         0  stubs.o ABSOLUTE
    _printf_d                                0x00000000   Number         0  stubs.o ABSOLUTE
    _printf_e                                0x00000000   Number         0  stubs.o ABSOLUTE
    _printf_f                                0x00000000   Number         0  stubs.o ABSOLUTE
    _printf_flags                            0x00000000   Number         0  stubs.o ABSOLUTE
    _printf_fp_dec                           0x00000000   Number         0  stubs.o ABSOLUTE
    _printf_fp_hex                           0x00000000   Number         0  stubs.o ABSOLUTE
    _printf_g                                0x00000000   Number         0  stubs.o ABSOLUTE
    _printf_i                                0x00000000   Number         0  stubs.o ABSOLUTE
    _printf_int_dec                          0x00000000   Number         0  stubs.o ABSOLUTE
    _printf_l                                0x00000000   Number         0  stubs.o ABSOLUTE
    _printf_lc                               0x00000000   Number         0  stubs.o ABSOLUTE
    _printf_ll                               0x00000000   Number         0  stubs.o ABSOLUTE
    _printf_lld                              0x00000000   Number         0  stubs.o ABSOLUTE
    _printf_lli                              0x00000000   Number         0  stubs.o ABSOLUTE
    _printf_llo                              0x00000000   Number         0  stubs.o ABSOLUTE
    _printf_llu                              0x00000000   Number         0  stubs.o ABSOLUTE
    _printf_llx                              0x00000000   Number         0  stubs.o ABSOLUTE
    _printf_longlong_dec                     0x00000000   Number         0  stubs.o ABSOLUTE
    _printf_longlong_hex                     0x00000000   Number         0  stubs.o ABSOLUTE
    _printf_longlong_oct                     0x00000000   Number         0  stubs.o ABSOLUTE
    _printf_ls                               0x00000000   Number         0  stubs.o ABSOLUTE
    _printf_mbtowc                           0x00000000   Number         0  stubs.o ABSOLUTE
    _printf_n                                0x00000000   Number         0  stubs.o ABSOLUTE
    _printf_o                                0x00000000   Number         0  stubs.o ABSOLUTE
    _printf_p                                0x00000000   Number         0  stubs.o ABSOLUTE
    _printf_percent                          0x00000000   Number         0  stubs.o ABSOLUTE
    _printf_pre_padding                      0x00000000   Number         0  stubs.o ABSOLUTE
    _printf_return_value                     0x00000000   Number         0  stubs.o ABSOLUTE
    _printf_s                                0x00000000   Number         0  stubs.o ABSOLUTE
    _printf_sizespec                         0x00000000   Number         0  stubs.o ABSOLUTE
    _printf_str                              0x00000000   Number         0  stubs.o ABSOLUTE
    _printf_truncate_signed                  0x00000000   Number         0  stubs.o ABSOLUTE
    _printf_truncate_unsigned                0x00000000   Number         0  stubs.o ABSOLUTE
    _printf_u                                0x00000000   Number         0  stubs.o ABSOLUTE
    _printf_wc                               0x00000000   Number         0  stubs.o ABSOLUTE
    _printf_wctomb                           0x00000000   Number         0  stubs.o ABSOLUTE
    _printf_widthprec                        0x00000000   Number         0  stubs.o ABSOLUTE
    _printf_x                                0x00000000   Number         0  stubs.o ABSOLUTE
    __cpp_initialize__aeabi_                  - Undefined Weak Reference
    __cxa_finalize                            - Undefined Weak Reference
    _clock_init                               - Undefined Weak Reference
    _microlib_exit                            - Undefined Weak Reference
    __Vectors_Size                           0x00000130   Number         0  startup_stm32f103xe.o ABSOLUTE
    __Vectors                                0x08000000   Data           4  startup_stm32f103xe.o(RESET)
    __Vectors_End                            0x08000130   Data           0  startup_stm32f103xe.o(RESET)
    __main                                   0x08000131   Thumb Code     0  entry.o(.ARM.Collect$$$$00000000)
    _main_stk                                0x08000131   Thumb Code     0  entry2.o(.ARM.Collect$$$$00000001)
    _main_scatterload                        0x08000135   Thumb Code     0  entry5.o(.ARM.Collect$$$$00000004)
    __main_after_scatterload                 0x08000139   Thumb Code     0  entry5.o(.ARM.Collect$$$$00000004)
    _main_clock                              0x08000139   Thumb Code     0  entry7b.o(.ARM.Collect$$$$00000008)
    _main_cpp_init                           0x08000139   Thumb Code     0  entry8b.o(.ARM.Collect$$$$0000000A)
    _main_init                               0x08000139   Thumb Code     0  entry9a.o(.ARM.Collect$$$$0000000B)
    __rt_final_cpp                           0x08000141   Thumb Code     0  entry10a.o(.ARM.Collect$$$$0000000D)
    __rt_final_exit                          0x08000141   Thumb Code     0  entry11a.o(.ARM.Collect$$$$0000000F)
    SVC_Handler                              0x08000145   Thumb Code    32  port.o(.emb_text)
    __asm___6_port_c_39a90d8d__prvStartFirstTask 0x08000169   Thumb Code    28  port.o(.emb_text)
    PendSV_Handler                           0x08000189   Thumb Code    72  port.o(.emb_text)
    vPortGetIPSR                             0x080001d5   Thumb Code     6  port.o(.emb_text)
    Reset_Handler                            0x080001dd   Thumb Code     8  startup_stm32f103xe.o(.text)
    ADC1_2_IRQHandler                        0x080001f7   Thumb Code     0  startup_stm32f103xe.o(.text)
    ADC3_IRQHandler                          0x080001f7   Thumb Code     0  startup_stm32f103xe.o(.text)
    CAN1_RX1_IRQHandler                      0x080001f7   Thumb Code     0  startup_stm32f103xe.o(.text)
    CAN1_SCE_IRQHandler                      0x080001f7   Thumb Code     0  startup_stm32f103xe.o(.text)
    DMA1_Channel1_IRQHandler                 0x080001f7   Thumb Code     0  startup_stm32f103xe.o(.text)
    DMA1_Channel2_IRQHandler                 0x080001f7   Thumb Code     0  startup_stm32f103xe.o(.text)
    DMA1_Channel3_IRQHandler                 0x080001f7   Thumb Code     0  startup_stm32f103xe.o(.text)
    DMA1_Channel6_IRQHandler                 0x080001f7   Thumb Code     0  startup_stm32f103xe.o(.text)
    DMA1_Channel7_IRQHandler                 0x080001f7   Thumb Code     0  startup_stm32f103xe.o(.text)
    DMA2_Channel1_IRQHandler                 0x080001f7   Thumb Code     0  startup_stm32f103xe.o(.text)
    DMA2_Channel2_IRQHandler                 0x080001f7   Thumb Code     0  startup_stm32f103xe.o(.text)
    DMA2_Channel3_IRQHandler                 0x080001f7   Thumb Code     0  startup_stm32f103xe.o(.text)
    DMA2_Channel4_5_IRQHandler               0x080001f7   Thumb Code     0  startup_stm32f103xe.o(.text)
    EXTI0_IRQHandler                         0x080001f7   Thumb Code     0  startup_stm32f103xe.o(.text)
    EXTI15_10_IRQHandler                     0x080001f7   Thumb Code     0  startup_stm32f103xe.o(.text)
    EXTI1_IRQHandler                         0x080001f7   Thumb Code     0  startup_stm32f103xe.o(.text)
    EXTI2_IRQHandler                         0x080001f7   Thumb Code     0  startup_stm32f103xe.o(.text)
    EXTI3_IRQHandler                         0x080001f7   Thumb Code     0  startup_stm32f103xe.o(.text)
    EXTI4_IRQHandler                         0x080001f7   Thumb Code     0  startup_stm32f103xe.o(.text)
    EXTI9_5_IRQHandler                       0x080001f7   Thumb Code     0  startup_stm32f103xe.o(.text)
    FLASH_IRQHandler                         0x080001f7   Thumb Code     0  startup_stm32f103xe.o(.text)
    FSMC_IRQHandler                          0x080001f7   Thumb Code     0  startup_stm32f103xe.o(.text)
    I2C1_ER_IRQHandler                       0x080001f7   Thumb Code     0  startup_stm32f103xe.o(.text)
    I2C1_EV_IRQHandler                       0x080001f7   Thumb Code     0  startup_stm32f103xe.o(.text)
    I2C2_ER_IRQHandler                       0x080001f7   Thumb Code     0  startup_stm32f103xe.o(.text)
    I2C2_EV_IRQHandler                       0x080001f7   Thumb Code     0  startup_stm32f103xe.o(.text)
    PVD_IRQHandler                           0x080001f7   Thumb Code     0  startup_stm32f103xe.o(.text)
    RCC_IRQHandler                           0x080001f7   Thumb Code     0  startup_stm32f103xe.o(.text)
    RTC_Alarm_IRQHandler                     0x080001f7   Thumb Code     0  startup_stm32f103xe.o(.text)
    RTC_IRQHandler                           0x080001f7   Thumb Code     0  startup_stm32f103xe.o(.text)
    SDIO_IRQHandler                          0x080001f7   Thumb Code     0  startup_stm32f103xe.o(.text)
    SPI1_IRQHandler                          0x080001f7   Thumb Code     0  startup_stm32f103xe.o(.text)
    SPI2_IRQHandler                          0x080001f7   Thumb Code     0  startup_stm32f103xe.o(.text)
    SPI3_IRQHandler                          0x080001f7   Thumb Code     0  startup_stm32f103xe.o(.text)
    TAMPER_IRQHandler                        0x080001f7   Thumb Code     0  startup_stm32f103xe.o(.text)
    TIM1_BRK_IRQHandler                      0x080001f7   Thumb Code     0  startup_stm32f103xe.o(.text)
    TIM1_CC_IRQHandler                       0x080001f7   Thumb Code     0  startup_stm32f103xe.o(.text)
    TIM1_TRG_COM_IRQHandler                  0x080001f7   Thumb Code     0  startup_stm32f103xe.o(.text)
    TIM1_UP_IRQHandler                       0x080001f7   Thumb Code     0  startup_stm32f103xe.o(.text)
    TIM2_IRQHandler                          0x080001f7   Thumb Code     0  startup_stm32f103xe.o(.text)
    TIM5_IRQHandler                          0x080001f7   Thumb Code     0  startup_stm32f103xe.o(.text)
    TIM7_IRQHandler                          0x080001f7   Thumb Code     0  startup_stm32f103xe.o(.text)
    TIM8_BRK_IRQHandler                      0x080001f7   Thumb Code     0  startup_stm32f103xe.o(.text)
    TIM8_CC_IRQHandler                       0x080001f7   Thumb Code     0  startup_stm32f103xe.o(.text)
    TIM8_TRG_COM_IRQHandler                  0x080001f7   Thumb Code     0  startup_stm32f103xe.o(.text)
    TIM8_UP_IRQHandler                       0x080001f7   Thumb Code     0  startup_stm32f103xe.o(.text)
    UART4_IRQHandler                         0x080001f7   Thumb Code     0  startup_stm32f103xe.o(.text)
    UART5_IRQHandler                         0x080001f7   Thumb Code     0  startup_stm32f103xe.o(.text)
    USART2_IRQHandler                        0x080001f7   Thumb Code     0  startup_stm32f103xe.o(.text)
    USART3_IRQHandler                        0x080001f7   Thumb Code     0  startup_stm32f103xe.o(.text)
    USBWakeUp_IRQHandler                     0x080001f7   Thumb Code     0  startup_stm32f103xe.o(.text)
    USB_HP_CAN1_TX_IRQHandler                0x080001f7   Thumb Code     0  startup_stm32f103xe.o(.text)
    WWDG_IRQHandler                          0x080001f7   Thumb Code     0  startup_stm32f103xe.o(.text)
    __aeabi_llsr                             0x08000201   Thumb Code    32  llushr.o(.text)
    _ll_ushift_r                             0x08000201   Thumb Code     0  llushr.o(.text)
    __aeabi_memcpy                           0x08000221   Thumb Code    36  memcpya.o(.text)
    __aeabi_memcpy4                          0x08000221   Thumb Code     0  memcpya.o(.text)
    __aeabi_memcpy8                          0x08000221   Thumb Code     0  memcpya.o(.text)
    __aeabi_memset                           0x08000245   Thumb Code    14  memseta.o(.text)
    __aeabi_memset4                          0x08000245   Thumb Code     0  memseta.o(.text)
    __aeabi_memset8                          0x08000245   Thumb Code     0  memseta.o(.text)
    __aeabi_memclr                           0x08000253   Thumb Code     4  memseta.o(.text)
    __aeabi_memclr4                          0x08000253   Thumb Code     0  memseta.o(.text)
    __aeabi_memclr8                          0x08000253   Thumb Code     0  memseta.o(.text)
    memset                                   0x08000257   Thumb Code    18  memseta.o(.text)
    __aeabi_fadd                             0x08000269   Thumb Code   164  fadd.o(.text)
    __aeabi_fsub                             0x0800030d   Thumb Code     6  fadd.o(.text)
    __aeabi_frsub                            0x08000313   Thumb Code     6  fadd.o(.text)
    __aeabi_fmul                             0x08000319   Thumb Code   100  fmul.o(.text)
    __aeabi_fdiv                             0x0800037d   Thumb Code   124  fdiv.o(.text)
    __aeabi_dadd                             0x080003f9   Thumb Code   322  dadd.o(.text)
    __aeabi_dsub                             0x0800053b   Thumb Code     6  dadd.o(.text)
    __aeabi_drsub                            0x08000541   Thumb Code     6  dadd.o(.text)
    __aeabi_dmul                             0x08000547   Thumb Code   228  dmul.o(.text)
    __aeabi_ddiv                             0x0800062b   Thumb Code   222  ddiv.o(.text)
    __aeabi_i2f                              0x08000709   Thumb Code    18  fflti.o(.text)
    __aeabi_ui2f                             0x0800071b   Thumb Code    10  ffltui.o(.text)
    __aeabi_i2d                              0x08000725   Thumb Code    34  dflti.o(.text)
    __aeabi_d2iz                             0x08000747   Thumb Code    62  dfixi.o(.text)
    __aeabi_f2d                              0x08000785   Thumb Code    38  f2d.o(.text)
    __aeabi_d2f                              0x080007ab   Thumb Code    56  d2f.o(.text)
    __aeabi_cfcmpeq                          0x080007e5   Thumb Code     0  cfcmple.o(.text)
    __aeabi_cfcmple                          0x080007e5   Thumb Code    20  cfcmple.o(.text)
    __aeabi_uidiv                            0x080007f9   Thumb Code     0  uidiv.o(.text)
    __aeabi_uidivmod                         0x080007f9   Thumb Code    44  uidiv.o(.text)
    __aeabi_uldivmod                         0x08000825   Thumb Code    98  uldiv.o(.text)
    __aeabi_llsl                             0x08000887   Thumb Code    30  llshl.o(.text)
    _ll_shift_l                              0x08000887   Thumb Code     0  llshl.o(.text)
    __aeabi_lasr                             0x080008a5   Thumb Code    36  llsshr.o(.text)
    _ll_sshift_r                             0x080008a5   Thumb Code     0  llsshr.o(.text)
    __I$use$fp                               0x080008c9   Thumb Code     0  iusefp.o(.text)
    _float_round                             0x080008c9   Thumb Code    18  fepilogue.o(.text)
    _float_epilogue                          0x080008db   Thumb Code    92  fepilogue.o(.text)
    _double_round                            0x08000937   Thumb Code    30  depilogue.o(.text)
    _double_epilogue                         0x08000955   Thumb Code   156  depilogue.o(.text)
    __ARM_scalbn                             0x080009f1   Thumb Code    46  dscalb.o(.text)
    scalbn                                   0x080009f1   Thumb Code     0  dscalb.o(.text)
    _dsqrt                                   0x08000a1f   Thumb Code   162  dsqrt.o(.text)
    __aeabi_d2ulz                            0x08000ac1   Thumb Code    48  dfixul.o(.text)
    __aeabi_cdrcmple                         0x08000af1   Thumb Code    48  cdrcmple.o(.text)
    __scatterload                            0x08000b21   Thumb Code    28  init.o(.text)
    __scatterload_rt2                        0x08000b21   Thumb Code     0  init.o(.text)
    __aeabi_ui2d                             0x08000b45   Thumb Code    26  dfltui.o(.text)
    __decompress                             0x08000b5f   Thumb Code     0  __dczerorl.o(.text)
    __decompress0                            0x08000b5f   Thumb Code    58  __dczerorl.o(.text)
    BusFault_Handler                         0x08000b99   Thumb Code     4  stm32f1xx_it.o(i.BusFault_Handler)
    CAN1_Config                              0x08000b9d   Thumb Code    80  can.o(i.CAN1_Config)
    CAN_RoboModule_DRV_Config                0x08000c0d   Thumb Code   140  CAN_DZ.o(i.CAN_RoboModule_DRV_Config)
    CAN_RoboModule_DRV_Current_Position_Mode 0x08000ca5   Thumb Code   162  CAN_DZ.o(i.CAN_RoboModule_DRV_Current_Position_Mode)
    CAN_RoboModule_DRV_Mode_Choice           0x08000d55   Thumb Code   132  CAN_DZ.o(i.CAN_RoboModule_DRV_Mode_Choice)
    CAN_RoboModule_DRV_Reset                 0x08000de5   Thumb Code   128  CAN_DZ.o(i.CAN_RoboModule_DRV_Reset)
    Can_TxMessage                            0x08000e71   Thumb Code   104  can.o(i.Can_TxMessage)
    DMA1_Channel4_IRQHandler                 0x08000edd   Thumb Code    10  stm32f1xx_it.o(i.DMA1_Channel4_IRQHandler)
    DMA1_Channel5_IRQHandler                 0x08000eed   Thumb Code    10  stm32f1xx_it.o(i.DMA1_Channel5_IRQHandler)
    DebugMon_Handler                         0x08000efd   Thumb Code     2  stm32f1xx_it.o(i.DebugMon_Handler)
    Error_Handler                            0x08000eff   Thumb Code     2  main.o(i.Error_Handler)
    HAL_CAN_ActivateNotification             0x08000f01   Thumb Code    42  stm32f1xx_hal_can.o(i.HAL_CAN_ActivateNotification)
    HAL_CAN_AddTxMessage                     0x08000f2b   Thumb Code   342  stm32f1xx_hal_can.o(i.HAL_CAN_AddTxMessage)
    HAL_CAN_ConfigFilter                     0x08001081   Thumb Code   266  stm32f1xx_hal_can.o(i.HAL_CAN_ConfigFilter)
    HAL_CAN_ErrorCallback                    0x0800118b   Thumb Code     2  stm32f1xx_hal_can.o(i.HAL_CAN_ErrorCallback)
    HAL_CAN_GetRxMessage                     0x0800118d   Thumb Code   378  stm32f1xx_hal_can.o(i.HAL_CAN_GetRxMessage)
    HAL_CAN_GetTxMailboxesFreeLevel          0x08001307   Thumb Code    54  stm32f1xx_hal_can.o(i.HAL_CAN_GetTxMailboxesFreeLevel)
    HAL_CAN_IRQHandler                       0x0800133d   Thumb Code   590  stm32f1xx_hal_can.o(i.HAL_CAN_IRQHandler)
    HAL_CAN_Init                             0x0800158b   Thumb Code   372  stm32f1xx_hal_can.o(i.HAL_CAN_Init)
    HAL_CAN_MspInit                          0x08001701   Thumb Code   138  can.o(i.HAL_CAN_MspInit)
    HAL_CAN_RxFifo0FullCallback              0x08001799   Thumb Code     2  stm32f1xx_hal_can.o(i.HAL_CAN_RxFifo0FullCallback)
    HAL_CAN_RxFifo0MsgPendingCallback        0x0800179d   Thumb Code   826  can.o(i.HAL_CAN_RxFifo0MsgPendingCallback)
    HAL_CAN_RxFifo1FullCallback              0x08001b11   Thumb Code     2  stm32f1xx_hal_can.o(i.HAL_CAN_RxFifo1FullCallback)
    HAL_CAN_RxFifo1MsgPendingCallback        0x08001b13   Thumb Code     2  stm32f1xx_hal_can.o(i.HAL_CAN_RxFifo1MsgPendingCallback)
    HAL_CAN_SleepCallback                    0x08001b15   Thumb Code     2  stm32f1xx_hal_can.o(i.HAL_CAN_SleepCallback)
    HAL_CAN_Start                            0x08001b17   Thumb Code    94  stm32f1xx_hal_can.o(i.HAL_CAN_Start)
    HAL_CAN_TxMailbox0AbortCallback          0x08001b75   Thumb Code     2  stm32f1xx_hal_can.o(i.HAL_CAN_TxMailbox0AbortCallback)
    HAL_CAN_TxMailbox0CompleteCallback       0x08001b77   Thumb Code     2  stm32f1xx_hal_can.o(i.HAL_CAN_TxMailbox0CompleteCallback)
    HAL_CAN_TxMailbox1AbortCallback          0x08001b79   Thumb Code     2  stm32f1xx_hal_can.o(i.HAL_CAN_TxMailbox1AbortCallback)
    HAL_CAN_TxMailbox1CompleteCallback       0x08001b7b   Thumb Code     2  stm32f1xx_hal_can.o(i.HAL_CAN_TxMailbox1CompleteCallback)
    HAL_CAN_TxMailbox2AbortCallback          0x08001b7d   Thumb Code     2  stm32f1xx_hal_can.o(i.HAL_CAN_TxMailbox2AbortCallback)
    HAL_CAN_TxMailbox2CompleteCallback       0x08001b7f   Thumb Code     2  stm32f1xx_hal_can.o(i.HAL_CAN_TxMailbox2CompleteCallback)
    HAL_CAN_WakeUpFromRxMsgCallback          0x08001b81   Thumb Code     2  stm32f1xx_hal_can.o(i.HAL_CAN_WakeUpFromRxMsgCallback)
    HAL_DMA_Abort                            0x08001b83   Thumb Code    86  stm32f1xx_hal_dma.o(i.HAL_DMA_Abort)
    HAL_DMA_Abort_IT                         0x08001bd9   Thumb Code   414  stm32f1xx_hal_dma.o(i.HAL_DMA_Abort_IT)
    HAL_DMA_IRQHandler                       0x08001d81   Thumb Code   910  stm32f1xx_hal_dma.o(i.HAL_DMA_IRQHandler)
    HAL_DMA_Init                             0x08002119   Thumb Code   132  stm32f1xx_hal_dma.o(i.HAL_DMA_Init)
    HAL_Delay                                0x080021a5   Thumb Code    36  stm32f1xx_hal.o(i.HAL_Delay)
    HAL_GPIO_Init                            0x080021cd   Thumb Code   792  stm32f1xx_hal_gpio.o(i.HAL_GPIO_Init)
    HAL_GPIO_ReadPin                         0x0800250d   Thumb Code    16  stm32f1xx_hal_gpio.o(i.HAL_GPIO_ReadPin)
    HAL_GPIO_TogglePin                       0x0800251d   Thumb Code    20  stm32f1xx_hal_gpio.o(i.HAL_GPIO_TogglePin)
    HAL_GPIO_WritePin                        0x08002531   Thumb Code    12  stm32f1xx_hal_gpio.o(i.HAL_GPIO_WritePin)
    HAL_GetTick                              0x0800253d   Thumb Code     6  stm32f1xx_hal.o(i.HAL_GetTick)
    HAL_IncTick                              0x08002549   Thumb Code    16  stm32f1xx_hal.o(i.HAL_IncTick)
    HAL_Init                                 0x08002561   Thumb Code    34  stm32f1xx_hal.o(i.HAL_Init)
    HAL_InitTick                             0x08002589   Thumb Code    64  stm32f1xx_hal.o(i.HAL_InitTick)
    HAL_MspInit                              0x080025d5   Thumb Code    86  stm32f1xx_hal_msp.o(i.HAL_MspInit)
    HAL_NVIC_EnableIRQ                       0x08002635   Thumb Code    32  stm32f1xx_hal_cortex.o(i.HAL_NVIC_EnableIRQ)
    HAL_NVIC_SetPriority                     0x08002655   Thumb Code   124  stm32f1xx_hal_cortex.o(i.HAL_NVIC_SetPriority)
    HAL_NVIC_SetPriorityGrouping             0x080026d1   Thumb Code    32  stm32f1xx_hal_cortex.o(i.HAL_NVIC_SetPriorityGrouping)
    HAL_RCC_ClockConfig                      0x080026f9   Thumb Code   376  stm32f1xx_hal_rcc.o(i.HAL_RCC_ClockConfig)
    HAL_RCC_GetHCLKFreq                      0x08002885   Thumb Code     6  stm32f1xx_hal_rcc.o(i.HAL_RCC_GetHCLKFreq)
    HAL_RCC_GetPCLK1Freq                     0x08002891   Thumb Code    22  stm32f1xx_hal_rcc.o(i.HAL_RCC_GetPCLK1Freq)
    HAL_RCC_GetPCLK2Freq                     0x080028b1   Thumb Code    22  stm32f1xx_hal_rcc.o(i.HAL_RCC_GetPCLK2Freq)
    HAL_RCC_GetSysClockFreq                  0x080028d1   Thumb Code   116  stm32f1xx_hal_rcc.o(i.HAL_RCC_GetSysClockFreq)
    HAL_RCC_OscConfig                        0x08002965   Thumb Code  1114  stm32f1xx_hal_rcc.o(i.HAL_RCC_OscConfig)
    HAL_SYSTICK_Config                       0x08002dc9   Thumb Code    52  stm32f1xx_hal_cortex.o(i.HAL_SYSTICK_Config)
    HAL_TIMEx_BreakCallback                  0x08002dfd   Thumb Code     2  stm32f1xx_hal_tim_ex.o(i.HAL_TIMEx_BreakCallback)
    HAL_TIMEx_CommutCallback                 0x08002dff   Thumb Code     2  stm32f1xx_hal_tim_ex.o(i.HAL_TIMEx_CommutCallback)
    HAL_TIMEx_MasterConfigSynchronization    0x08002e01   Thumb Code   134  stm32f1xx_hal_tim_ex.o(i.HAL_TIMEx_MasterConfigSynchronization)
    HAL_TIM_Base_Init                        0x08002e9d   Thumb Code   102  stm32f1xx_hal_tim.o(i.HAL_TIM_Base_Init)
    HAL_TIM_Base_MspInit                     0x08002f05   Thumb Code   166  tim.o(i.HAL_TIM_Base_MspInit)
    HAL_TIM_Base_Start_IT                    0x08002fbd   Thumb Code   122  stm32f1xx_hal_tim.o(i.HAL_TIM_Base_Start_IT)
    HAL_TIM_ConfigClockSource                0x0800304d   Thumb Code   264  stm32f1xx_hal_tim.o(i.HAL_TIM_ConfigClockSource)
    HAL_TIM_IC_CaptureCallback               0x08003155   Thumb Code     2  stm32f1xx_hal_tim.o(i.HAL_TIM_IC_CaptureCallback)
    HAL_TIM_IRQHandler                       0x08003157   Thumb Code   406  stm32f1xx_hal_tim.o(i.HAL_TIM_IRQHandler)
    HAL_TIM_OC_DelayElapsedCallback          0x080032ed   Thumb Code     2  stm32f1xx_hal_tim.o(i.HAL_TIM_OC_DelayElapsedCallback)
    HAL_TIM_PWM_PulseFinishedCallback        0x080032ef   Thumb Code     2  stm32f1xx_hal_tim.o(i.HAL_TIM_PWM_PulseFinishedCallback)
    HAL_TIM_PeriodElapsedCallback            0x080032f1   Thumb Code    92  main.o(i.HAL_TIM_PeriodElapsedCallback)
    HAL_TIM_TriggerCallback                  0x0800335d   Thumb Code     2  stm32f1xx_hal_tim.o(i.HAL_TIM_TriggerCallback)
    HAL_UARTEx_RxEventCallback               0x0800335f   Thumb Code     2  stm32f1xx_hal_uart.o(i.HAL_UARTEx_RxEventCallback)
    HAL_UART_ErrorCallback                   0x08003361   Thumb Code     2  stm32f1xx_hal_uart.o(i.HAL_UART_ErrorCallback)
    HAL_UART_IRQHandler                      0x08003365   Thumb Code   582  stm32f1xx_hal_uart.o(i.HAL_UART_IRQHandler)
    HAL_UART_Init                            0x080035b1   Thumb Code   114  stm32f1xx_hal_uart.o(i.HAL_UART_Init)
    HAL_UART_MspInit                         0x08003625   Thumb Code   342  usart.o(i.HAL_UART_MspInit)
    HAL_UART_RxCpltCallback                  0x08003799   Thumb Code     2  stm32f1xx_hal_uart.o(i.HAL_UART_RxCpltCallback)
    HAL_UART_Transmit                        0x0800379b   Thumb Code   210  stm32f1xx_hal_uart.o(i.HAL_UART_Transmit)
    HAL_UART_TxCpltCallback                  0x0800386d   Thumb Code     2  stm32f1xx_hal_uart.o(i.HAL_UART_TxCpltCallback)
    HardFault_Handler                        0x0800386f   Thumb Code     4  stm32f1xx_it.o(i.HardFault_Handler)
    KEY_Scan                                 0x08003875   Thumb Code   150  key.o(i.KEY_Scan)
    MX_CAN_Init                              0x08003919   Thumb Code    56  can.o(i.MX_CAN_Init)
    MX_DMA_Init                              0x08003959   Thumb Code    64  dma.o(i.MX_DMA_Init)
    MX_FREERTOS_Init                         0x0800399d   Thumb Code    32  freertos.o(i.MX_FREERTOS_Init)
    MX_GPIO_Init                             0x080039d5   Thumb Code   242  gpio.o(i.MX_GPIO_Init)
    MX_TIM3_Init                             0x08003ad9   Thumb Code   102  tim.o(i.MX_TIM3_Init)
    MX_TIM4_Init                             0x08003b49   Thumb Code   102  tim.o(i.MX_TIM4_Init)
    MX_TIM6_Init                             0x08003bb9   Thumb Code    68  tim.o(i.MX_TIM6_Init)
    MX_USART1_UART_Init                      0x08003c05   Thumb Code    46  usart.o(i.MX_USART1_UART_Init)
    MX_USART2_UART_Init                      0x08003c3d   Thumb Code    46  usart.o(i.MX_USART2_UART_Init)
    MemManage_Handler                        0x08003c75   Thumb Code     4  stm32f1xx_it.o(i.MemManage_Handler)
    NMI_Handler                              0x08003c79   Thumb Code     2  stm32f1xx_it.o(i.NMI_Handler)
    Read_Angle_Cmd                           0x08003ca5   Thumb Code    40  dianji.o(i.Read_Angle_Cmd)
    StartDefaultTask                         0x08003cd1   Thumb Code    10  freertos.o(i.StartDefaultTask)
    StartTask02                              0x08003cdb   Thumb Code    10  freertos.o(i.StartTask02)
    SysTick_Handler                          0x08003ce5   Thumb Code    20  stm32f1xx_it.o(i.SysTick_Handler)
    SystemClock_Config                       0x08003cf9   Thumb Code   102  main.o(i.SystemClock_Config)
    SystemInit                               0x08003d61   Thumb Code    70  system_stm32f1xx.o(i.SystemInit)
    TIM3_IRQHandler                          0x08003db9   Thumb Code    10  stm32f1xx_it.o(i.TIM3_IRQHandler)
    TIM4_IRQHandler                          0x08003dc9   Thumb Code    10  stm32f1xx_it.o(i.TIM4_IRQHandler)
    TIM6_IRQHandler                          0x08003dd9   Thumb Code    10  stm32f1xx_it.o(i.TIM6_IRQHandler)
    TIM_Base_SetConfig                       0x08003de9   Thumb Code   134  stm32f1xx_hal_tim.o(i.TIM_Base_SetConfig)
    TIM_ETR_SetConfig                        0x08003e85   Thumb Code    22  stm32f1xx_hal_tim.o(i.TIM_ETR_SetConfig)
    USART1_IRQHandler                        0x08004211   Thumb Code    10  stm32f1xx_it.o(i.USART1_IRQHandler)
    USB_LP_CAN1_RX0_IRQHandler               0x08004221   Thumb Code    10  stm32f1xx_it.o(i.USB_LP_CAN1_RX0_IRQHandler)
    UsageFault_Handler                       0x08004231   Thumb Code     4  stm32f1xx_it.o(i.UsageFault_Handler)
    __0printf                                0x08004235   Thumb Code    22  printfa.o(i.__0printf)
    __1printf                                0x08004235   Thumb Code     0  printfa.o(i.__0printf)
    __2printf                                0x08004235   Thumb Code     0  printfa.o(i.__0printf)
    __c89printf                              0x08004235   Thumb Code     0  printfa.o(i.__0printf)
    printf                                   0x08004235   Thumb Code     0  printfa.o(i.__0printf)
    __0sprintf                               0x08004255   Thumb Code    34  printfa.o(i.__0sprintf)
    __1sprintf                               0x08004255   Thumb Code     0  printfa.o(i.__0sprintf)
    __2sprintf                               0x08004255   Thumb Code     0  printfa.o(i.__0sprintf)
    __c89sprintf                             0x08004255   Thumb Code     0  printfa.o(i.__0sprintf)
    sprintf                                  0x08004255   Thumb Code     0  printfa.o(i.__0sprintf)
    __ARM_fpclassify                         0x0800427d   Thumb Code    40  fpclassify.o(i.__ARM_fpclassify)
    __ieee754_rem_pio2                       0x080042f1   Thumb Code   828  rred.o(i.__ieee754_rem_pio2)
    __kernel_cos                             0x08004679   Thumb Code   230  cos_i.o(i.__kernel_cos)
    __kernel_poly                            0x08004775   Thumb Code   170  poly.o(i.__kernel_poly)
    __kernel_sin                             0x08004821   Thumb Code   224  sin_i.o(i.__kernel_sin)
    __mathlib_dbl_infnan                     0x0800490d   Thumb Code     6  dunder.o(i.__mathlib_dbl_infnan)
    __mathlib_dbl_invalid                    0x08004913   Thumb Code    12  dunder.o(i.__mathlib_dbl_invalid)
    __mathlib_dbl_underflow                  0x08004921   Thumb Code    10  dunder.o(i.__mathlib_dbl_underflow)
    __scatterload_copy                       0x08004931   Thumb Code    14  handlers.o(i.__scatterload_copy)
    __scatterload_null                       0x0800493f   Thumb Code     2  handlers.o(i.__scatterload_null)
    __scatterload_zeroinit                   0x08004941   Thumb Code    14  handlers.o(i.__scatterload_zeroinit)
    __set_errno                              0x08004951   Thumb Code     6  errno.o(i.__set_errno)
    cos                                      0x080051f9   Thumb Code   148  cos.o(i.cos)
    delta_calcForward                        0x08005295   Thumb Code  1306  data.o(i.delta_calcForward)
    fputc                                    0x080057b9   Thumb Code    22  main.o(i.fputc)
    main                                     0x080057d5   Thumb Code   476  main.o(i.main)
    map                                      0x08005a8d   Thumb Code   268  data.o(i.map)
    mysprintf_toHMI                          0x08005bd1   Thumb Code   284  main.o(i.mysprintf_toHMI)
    osDelay                                  0x08005d65   Thumb Code    50  cmsis_os2.o(i.osDelay)
    osKernelInitialize                       0x08005d9d   Thumb Code    58  cmsis_os2.o(i.osKernelInitialize)
    osKernelStart                            0x08005ddd   Thumb Code    64  cmsis_os2.o(i.osKernelStart)
    osThreadNew                              0x08005e21   Thumb Code   216  cmsis_os2.o(i.osThreadNew)
    pattern                                  0x08005efd   Thumb Code   210  main.o(i.pattern)
    pvPortMalloc                             0x080069c9   Thumb Code   296  heap_4.o(i.pvPortMalloc)
    pxPortInitialiseStack                    0x08006b05   Thumb Code    30  port.o(i.pxPortInitialiseStack)
    run                                      0x08006b29   Thumb Code   310  data.o(i.run)
    sin                                      0x08006ca9   Thumb Code   150  sin.o(i.sin)
    sqrt                                     0x08006d49   Thumb Code    76  sqrt.o(i.sqrt)
    test                                     0x08006d95   Thumb Code   172  main.o(i.test)
    uxListRemove                             0x08006ea5   Thumb Code    40  list.o(i.uxListRemove)
    vApplicationGetIdleTaskMemory            0x08006ecd   Thumb Code    14  cmsis_os2.o(i.vApplicationGetIdleTaskMemory)
    vApplicationGetTimerTaskMemory           0x08006ee5   Thumb Code    16  cmsis_os2.o(i.vApplicationGetTimerTaskMemory)
    vListInitialise                          0x08006efd   Thumb Code    26  list.o(i.vListInitialise)
    vListInitialiseItem                      0x08006f17   Thumb Code     6  list.o(i.vListInitialiseItem)
    vListInsert                              0x08006f1d   Thumb Code    52  list.o(i.vListInsert)
    vListInsertEnd                           0x08006f51   Thumb Code    24  list.o(i.vListInsertEnd)
    vPortEnterCritical                       0x08006f69   Thumb Code    76  port.o(i.vPortEnterCritical)
    vPortExitCritical                        0x08006fbd   Thumb Code    56  port.o(i.vPortExitCritical)
    vPortFree                                0x08006ff9   Thumb Code   140  heap_4.o(i.vPortFree)
    vPortSetupTimerInterrupt                 0x0800708d   Thumb Code    36  port.o(i.vPortSetupTimerInterrupt)
    vPortValidateInterruptPriority           0x080070b5   Thumb Code   106  port.o(i.vPortValidateInterruptPriority)
    vQueueAddToRegistry                      0x0800712d   Thumb Code    38  queue.o(i.vQueueAddToRegistry)
    vQueueWaitForMessageRestricted           0x08007159   Thumb Code    74  queue.o(i.vQueueWaitForMessageRestricted)
    vTaskDelay                               0x080071a5   Thumb Code    82  tasks.o(i.vTaskDelay)
    vTaskInternalSetTimeOutState             0x08007201   Thumb Code    14  tasks.o(i.vTaskInternalSetTimeOutState)
    vTaskMissedYield                         0x08007219   Thumb Code     8  tasks.o(i.vTaskMissedYield)
    vTaskPlaceOnEventList                    0x08007225   Thumb Code    52  tasks.o(i.vTaskPlaceOnEventList)
    vTaskPlaceOnEventListRestricted          0x0800725d   Thumb Code    60  tasks.o(i.vTaskPlaceOnEventListRestricted)
    vTaskStartScheduler                      0x0800729d   Thumb Code   156  tasks.o(i.vTaskStartScheduler)
    vTaskSuspendAll                          0x08007355   Thumb Code    12  tasks.o(i.vTaskSuspendAll)
    vTaskSwitchContext                       0x08007365   Thumb Code   122  tasks.o(i.vTaskSwitchContext)
    xPortStartScheduler                      0x080073f5   Thumb Code   228  port.o(i.xPortStartScheduler)
    xPortSysTickHandler                      0x080074ed   Thumb Code    46  port.o(i.xPortSysTickHandler)
    xQueueGenericCreateStatic                0x08007521   Thumb Code   222  queue.o(i.xQueueGenericCreateStatic)
    xQueueGenericReset                       0x08007601   Thumb Code   146  queue.o(i.xQueueGenericReset)
    xQueueGenericSend                        0x08007699   Thumb Code   420  queue.o(i.xQueueGenericSend)
    xQueueGenericSendFromISR                 0x08007841   Thumb Code   248  queue.o(i.xQueueGenericSendFromISR)
    xQueueReceive                            0x08007939   Thumb Code   356  queue.o(i.xQueueReceive)
    xTaskCheckForTimeOut                     0x08007aa1   Thumb Code   132  tasks.o(i.xTaskCheckForTimeOut)
    xTaskCreate                              0x08007b2d   Thumb Code   100  tasks.o(i.xTaskCreate)
    xTaskCreateStatic                        0x08007b91   Thumb Code   184  tasks.o(i.xTaskCreateStatic)
    xTaskGetSchedulerState                   0x08007c49   Thumb Code    24  tasks.o(i.xTaskGetSchedulerState)
    xTaskGetTickCount                        0x08007c69   Thumb Code     6  tasks.o(i.xTaskGetTickCount)
    xTaskIncrementTick                       0x08007c75   Thumb Code   280  tasks.o(i.xTaskIncrementTick)
    xTaskPriorityDisinherit                  0x08007db9   Thumb Code   152  tasks.o(i.xTaskPriorityDisinherit)
    xTaskRemoveFromEventList                 0x08007e5d   Thumb Code   126  tasks.o(i.xTaskRemoveFromEventList)
    xTaskResumeAll                           0x08007ef5   Thumb Code   222  tasks.o(i.xTaskResumeAll)
    xTimerCreateTimerTask                    0x08007ff9   Thumb Code   100  timers.o(i.xTimerCreateTimerTask)
    xTimerGenericCommand                     0x08008071   Thumb Code   128  timers.o(i.xTimerGenericCommand)
    defaultTask_attributes                   0x080080f4   Data          36  freertos.o(.constdata)
    djdf_attributes                          0x08008118   Data          36  freertos.o(.constdata)
    AHBPrescTable                            0x0800813c   Data          16  system_stm32f1xx.o(.constdata)
    APBPrescTable                            0x0800814c   Data           8  system_stm32f1xx.o(.constdata)
    Region$$Table$$Base                      0x0800828c   Number         0  anon$$obj.o(Region$$Table)
    Region$$Table$$Limit                     0x080082ac   Number         0  anon$$obj.o(Region$$Table)
    CAN_Time_Out                             0x20000000   Data           4  CAN_DZ.o(.data)
    Data                                     0x20000004   Data           8  CAN_DZ.o(.data)
    can_tx_success_flag                      0x2000000c   Data           1  CAN_DZ.o(.data)
    Real_Current_Value                       0x2000000e   Data           8  CAN_DZ.o(.data)
    Real_Velocity_Value                      0x20000016   Data           8  CAN_DZ.o(.data)
    Real_Online                              0x2000001e   Data           4  CAN_DZ.o(.data)
    Real_Ctl1_Value                          0x20000022   Data           4  CAN_DZ.o(.data)
    Real_Ctl2_Value                          0x20000026   Data           4  CAN_DZ.o(.data)
    uwTick                                   0x2000002c   Data           4  stm32f1xx_hal.o(.data)
    uwTickPrio                               0x20000030   Data           4  stm32f1xx_hal.o(.data)
    uwTickFreq                               0x20000034   Data           1  stm32f1xx_hal.o(.data)
    pxCurrentTCB                             0x20000060   Data           4  tasks.o(.data)
    defaultTaskHandle                        0x200000b0   Data           4  freertos.o(.data)
    djdfHandle                               0x200000b4   Data           4  freertos.o(.data)
    data                                     0x200000b8   Data           8  main.o(.data)
    key                                      0x200000c0   Data           1  main.o(.data)
    Origin_qc4                               0x200000c4   Data           4  main.o(.data)
    Origin_qc5                               0x200000c8   Data           4  main.o(.data)
    Origin_qc6                               0x200000cc   Data           4  main.o(.data)
    x                                        0x200000d0   Data           4  main.o(.data)
    y                                        0x200000d4   Data           4  main.o(.data)
    z                                        0x200000d8   Data           4  main.o(.data)
    fl                                       0x200000dc   Data           4  main.o(.data)
    gravity1                                 0x200000e0   Data           4  main.o(.data)
    gravity2                                 0x200000e4   Data           4  main.o(.data)
    gravity3                                 0x200000e8   Data           4  main.o(.data)
    rst                                      0x200000ec   Data           4  main.o(.data)
    flag                                     0x200000f0   Data           4  main.o(.data)
    status                                   0x200000f4   Data           4  main.o(.data)
    Origin_qc1                               0x200000f8   Data           4  main.o(.data)
    Origin_qc2                               0x200000fc   Data           4  main.o(.data)
    Origin_qc3                               0x20000100   Data           4  main.o(.data)
    electricity1                             0x20000104   Data           4  main.o(.data)
    electricity2                             0x20000108   Data           4  main.o(.data)
    electricity3                             0x2000010c   Data           4  main.o(.data)
    len                                      0x20000110   Data           1  main.o(.data)
    dif_qc1                                  0x20000114   Data           4  main.o(.data)
    dif_qc2                                  0x20000118   Data           4  main.o(.data)
    dif_qc3                                  0x2000011c   Data           4  main.o(.data)
    real_angle1                              0x20000120   Data           4  main.o(.data)
    real_angle2                              0x20000124   Data           4  main.o(.data)
    real_angle3                              0x20000128   Data           4  main.o(.data)
    dif_angle1                               0x2000012c   Data           4  main.o(.data)
    dif_angle2                               0x20000130   Data           4  main.o(.data)
    dif_angle3                               0x20000134   Data           4  main.o(.data)
    angle1                                   0x20000138   Data           4  main.o(.data)
    angle2                                   0x2000013c   Data           4  main.o(.data)
    angle3                                   0x20000140   Data           4  main.o(.data)
    rst_qc1                                  0x20000144   Data           4  main.o(.data)
    rst_qc2                                  0x20000148   Data           4  main.o(.data)
    rst_qc3                                  0x2000014c   Data           4  main.o(.data)
    flag_tp                                  0x20000150   Data           1  main.o(.data)
    mode                                     0x20000151   Data           1  main.o(.data)
    flag_tx                                  0x20000152   Data           1  main.o(.data)
    ID                                       0x20000154   Data           4  main.o(.data)
    encoder_4                                0x20000158   Data           2  main.o(.data)
    encoder_5                                0x2000015a   Data           2  main.o(.data)
    encoder_6                                0x2000015c   Data           2  main.o(.data)
    angle_4                                  0x2000015e   Data           2  main.o(.data)
    angle_5                                  0x20000160   Data           2  main.o(.data)
    angle_6                                  0x20000162   Data           2  main.o(.data)
    Rxd_Data                                 0x20000164   Data           8  main.o(.data)
    flag1                                    0x2000016c   Data           1  main.o(.data)
    flag2                                    0x2000016d   Data           1  main.o(.data)
    flag3                                    0x2000016e   Data           1  main.o(.data)
    SystemCoreClock                          0x20000170   Data           4  system_stm32f1xx.o(.data)
    __stdout                                 0x20000174   Data           4  stdout.o(.data)
    Real_Position_Value                      0x2000017c   Data          16  CAN_DZ.o(.bss)
    PM                                       0x2000018c   Data          24  data.o(.bss)
    PN                                       0x200001a4   Data          16  data.o(.bss)
    str                                      0x200001b4   Data          32  data.o(.bss)
    xQueueRegistry                           0x2000148c   Data          64  queue.o(.bss)
    hcan                                     0x20001aa8   Data          40  can.o(.bss)
    jiaodu_temp                              0x20001ad0   Data          12  main.o(.bss)
    jiado2                                   0x20001adc   Data          12  main.o(.bss)
    man                                      0x20001ae8   Data          56  main.o(.bss)
    htim3                                    0x20001b20   Data          72  tim.o(.bss)
    htim4                                    0x20001b68   Data          72  tim.o(.bss)
    htim6                                    0x20001bb0   Data          72  tim.o(.bss)
    huart1                                   0x20001bf8   Data          68  usart.o(.bss)
    huart2                                   0x20001c3c   Data          68  usart.o(.bss)
    hdma_usart1_rx                           0x20001c80   Data          68  usart.o(.bss)
    hdma_usart1_tx                           0x20001cc4   Data          68  usart.o(.bss)
    __initial_sp                             0x20002108   Data           0  startup_stm32f103xe.o(STACK)



==============================================================================

Memory Map of the image

  Image Entry point : 0x08000131

  Load Region LR_IROM1 (Base: 0x08000000, Size: 0x00008428, Max: 0x00080000, ABSOLUTE, COMPRESSED[0x000082d4])

    Execution Region ER_IROM1 (Base: 0x08000000, Size: 0x000082ac, Max: 0x00080000, ABSOLUTE)

    Base Addr    Size         Type   Attr      Idx    E Section Name        Object

    0x08000000   0x00000130   Data   RO         5301    RESET               startup_stm32f103xe.o
    0x08000130   0x00000000   Code   RO         5340  * .ARM.Collect$$$$00000000  mc_w.l(entry.o)
    0x08000130   0x00000004   Code   RO         5676    .ARM.Collect$$$$00000001  mc_w.l(entry2.o)
    0x08000134   0x00000004   Code   RO         5679    .ARM.Collect$$$$00000004  mc_w.l(entry5.o)
    0x08000138   0x00000000   Code   RO         5681    .ARM.Collect$$$$00000008  mc_w.l(entry7b.o)
    0x08000138   0x00000000   Code   RO         5683    .ARM.Collect$$$$0000000A  mc_w.l(entry8b.o)
    0x08000138   0x00000008   Code   RO         5684    .ARM.Collect$$$$0000000B  mc_w.l(entry9a.o)
    0x08000140   0x00000000   Code   RO         5686    .ARM.Collect$$$$0000000D  mc_w.l(entry10a.o)
    0x08000140   0x00000000   Code   RO         5688    .ARM.Collect$$$$0000000F  mc_w.l(entry11a.o)
    0x08000140   0x00000004   Code   RO         5677    .ARM.Collect$$$$00002712  mc_w.l(entry2.o)
    0x08000144   0x00000096   Code   RO         3784    .emb_text           port.o
    0x080001da   0x00000002   PAD
    0x080001dc   0x00000024   Code   RO         5302    .text               startup_stm32f103xe.o
    0x08000200   0x00000020   Code   RO         5343    .text               mc_w.l(llushr.o)
    0x08000220   0x00000024   Code   RO         5345    .text               mc_w.l(memcpya.o)
    0x08000244   0x00000024   Code   RO         5349    .text               mc_w.l(memseta.o)
    0x08000268   0x000000b0   Code   RO         5614    .text               mf_w.l(fadd.o)
    0x08000318   0x00000064   Code   RO         5616    .text               mf_w.l(fmul.o)
    0x0800037c   0x0000007c   Code   RO         5618    .text               mf_w.l(fdiv.o)
    0x080003f8   0x0000014e   Code   RO         5620    .text               mf_w.l(dadd.o)
    0x08000546   0x000000e4   Code   RO         5622    .text               mf_w.l(dmul.o)
    0x0800062a   0x000000de   Code   RO         5624    .text               mf_w.l(ddiv.o)
    0x08000708   0x00000012   Code   RO         5626    .text               mf_w.l(fflti.o)
    0x0800071a   0x0000000a   Code   RO         5628    .text               mf_w.l(ffltui.o)
    0x08000724   0x00000022   Code   RO         5630    .text               mf_w.l(dflti.o)
    0x08000746   0x0000003e   Code   RO         5634    .text               mf_w.l(dfixi.o)
    0x08000784   0x00000026   Code   RO         5636    .text               mf_w.l(f2d.o)
    0x080007aa   0x00000038   Code   RO         5638    .text               mf_w.l(d2f.o)
    0x080007e2   0x00000002   PAD
    0x080007e4   0x00000014   Code   RO         5640    .text               mf_w.l(cfcmple.o)
    0x080007f8   0x0000002c   Code   RO         5691    .text               mc_w.l(uidiv.o)
    0x08000824   0x00000062   Code   RO         5693    .text               mc_w.l(uldiv.o)
    0x08000886   0x0000001e   Code   RO         5695    .text               mc_w.l(llshl.o)
    0x080008a4   0x00000024   Code   RO         5697    .text               mc_w.l(llsshr.o)
    0x080008c8   0x00000000   Code   RO         5706    .text               mc_w.l(iusefp.o)
    0x080008c8   0x0000006e   Code   RO         5707    .text               mf_w.l(fepilogue.o)
    0x08000936   0x000000ba   Code   RO         5709    .text               mf_w.l(depilogue.o)
    0x080009f0   0x0000002e   Code   RO         5711    .text               mf_w.l(dscalb.o)
    0x08000a1e   0x000000a2   Code   RO         5713    .text               mf_w.l(dsqrt.o)
    0x08000ac0   0x00000030   Code   RO         5715    .text               mf_w.l(dfixul.o)
    0x08000af0   0x00000030   Code   RO         5719    .text               mf_w.l(cdrcmple.o)
    0x08000b20   0x00000024   Code   RO         5721    .text               mc_w.l(init.o)
    0x08000b44   0x0000001a   Code   RO         5723    .text               mf_w.l(dfltui.o)
    0x08000b5e   0x0000003a   Code   RO         5733    .text               mc_w.l(__dczerorl.o)
    0x08000b98   0x00000004   Code   RO         5057    i.BusFault_Handler  stm32f1xx_it.o
    0x08000b9c   0x00000054   Code   RO         4766    i.CAN1_Config       can.o
    0x08000bf0   0x0000001a   Code   RO            4    i.CAN_Delay_Us      CAN_DZ.o
    0x08000c0a   0x00000002   PAD
    0x08000c0c   0x00000098   Code   RO            5    i.CAN_RoboModule_DRV_Config  CAN_DZ.o
    0x08000ca4   0x000000b0   Code   RO            7    i.CAN_RoboModule_DRV_Current_Position_Mode  CAN_DZ.o
    0x08000d54   0x00000090   Code   RO           10    i.CAN_RoboModule_DRV_Mode_Choice  CAN_DZ.o
    0x08000de4   0x0000008c   Code   RO           14    i.CAN_RoboModule_DRV_Reset  CAN_DZ.o
    0x08000e70   0x0000006c   Code   RO         4767    i.Can_TxMessage     can.o
    0x08000edc   0x00000010   Code   RO         5058    i.DMA1_Channel4_IRQHandler  stm32f1xx_it.o
    0x08000eec   0x00000010   Code   RO         5059    i.DMA1_Channel5_IRQHandler  stm32f1xx_it.o
    0x08000efc   0x00000002   Code   RO         5060    i.DebugMon_Handler  stm32f1xx_it.o
    0x08000efe   0x00000002   Code   RO         4936    i.Error_Handler     main.o
    0x08000f00   0x0000002a   Code   RO          621    i.HAL_CAN_ActivateNotification  stm32f1xx_hal_can.o
    0x08000f2a   0x00000156   Code   RO          622    i.HAL_CAN_AddTxMessage  stm32f1xx_hal_can.o
    0x08001080   0x0000010a   Code   RO          623    i.HAL_CAN_ConfigFilter  stm32f1xx_hal_can.o
    0x0800118a   0x00000002   Code   RO          626    i.HAL_CAN_ErrorCallback  stm32f1xx_hal_can.o
    0x0800118c   0x0000017a   Code   RO          629    i.HAL_CAN_GetRxMessage  stm32f1xx_hal_can.o
    0x08001306   0x00000036   Code   RO          631    i.HAL_CAN_GetTxMailboxesFreeLevel  stm32f1xx_hal_can.o
    0x0800133c   0x0000024e   Code   RO          633    i.HAL_CAN_IRQHandler  stm32f1xx_hal_can.o
    0x0800158a   0x00000174   Code   RO          634    i.HAL_CAN_Init      stm32f1xx_hal_can.o
    0x080016fe   0x00000002   PAD
    0x08001700   0x00000098   Code   RO         4769    i.HAL_CAN_MspInit   can.o
    0x08001798   0x00000002   Code   RO          641    i.HAL_CAN_RxFifo0FullCallback  stm32f1xx_hal_can.o
    0x0800179a   0x00000002   PAD
    0x0800179c   0x00000374   Code   RO         4770    i.HAL_CAN_RxFifo0MsgPendingCallback  can.o
    0x08001b10   0x00000002   Code   RO          643    i.HAL_CAN_RxFifo1FullCallback  stm32f1xx_hal_can.o
    0x08001b12   0x00000002   Code   RO          644    i.HAL_CAN_RxFifo1MsgPendingCallback  stm32f1xx_hal_can.o
    0x08001b14   0x00000002   Code   RO          645    i.HAL_CAN_SleepCallback  stm32f1xx_hal_can.o
    0x08001b16   0x0000005e   Code   RO          646    i.HAL_CAN_Start     stm32f1xx_hal_can.o
    0x08001b74   0x00000002   Code   RO          648    i.HAL_CAN_TxMailbox0AbortCallback  stm32f1xx_hal_can.o
    0x08001b76   0x00000002   Code   RO          649    i.HAL_CAN_TxMailbox0CompleteCallback  stm32f1xx_hal_can.o
    0x08001b78   0x00000002   Code   RO          650    i.HAL_CAN_TxMailbox1AbortCallback  stm32f1xx_hal_can.o
    0x08001b7a   0x00000002   Code   RO          651    i.HAL_CAN_TxMailbox1CompleteCallback  stm32f1xx_hal_can.o
    0x08001b7c   0x00000002   Code   RO          652    i.HAL_CAN_TxMailbox2AbortCallback  stm32f1xx_hal_can.o
    0x08001b7e   0x00000002   Code   RO          653    i.HAL_CAN_TxMailbox2CompleteCallback  stm32f1xx_hal_can.o
    0x08001b80   0x00000002   Code   RO          655    i.HAL_CAN_WakeUpFromRxMsgCallback  stm32f1xx_hal_can.o
    0x08001b82   0x00000056   Code   RO          977    i.HAL_DMA_Abort     stm32f1xx_hal_dma.o
    0x08001bd8   0x000001a8   Code   RO          978    i.HAL_DMA_Abort_IT  stm32f1xx_hal_dma.o
    0x08001d80   0x00000398   Code   RO          982    i.HAL_DMA_IRQHandler  stm32f1xx_hal_dma.o
    0x08002118   0x0000008c   Code   RO          983    i.HAL_DMA_Init      stm32f1xx_hal_dma.o
    0x080021a4   0x00000028   Code   RO          453    i.HAL_Delay         stm32f1xx_hal.o
    0x080021cc   0x00000340   Code   RO         1355    i.HAL_GPIO_Init     stm32f1xx_hal_gpio.o
    0x0800250c   0x00000010   Code   RO         1357    i.HAL_GPIO_ReadPin  stm32f1xx_hal_gpio.o
    0x0800251c   0x00000014   Code   RO         1358    i.HAL_GPIO_TogglePin  stm32f1xx_hal_gpio.o
    0x08002530   0x0000000c   Code   RO         1359    i.HAL_GPIO_WritePin  stm32f1xx_hal_gpio.o
    0x0800253c   0x0000000c   Code   RO          457    i.HAL_GetTick       stm32f1xx_hal.o
    0x08002548   0x00000018   Code   RO          463    i.HAL_IncTick       stm32f1xx_hal.o
    0x08002560   0x00000028   Code   RO          464    i.HAL_Init          stm32f1xx_hal.o
    0x08002588   0x0000004c   Code   RO          465    i.HAL_InitTick      stm32f1xx_hal.o
    0x080025d4   0x00000060   Code   RO         5033    i.HAL_MspInit       stm32f1xx_hal_msp.o
    0x08002634   0x00000020   Code   RO          856    i.HAL_NVIC_EnableIRQ  stm32f1xx_hal_cortex.o
    0x08002654   0x0000007c   Code   RO          862    i.HAL_NVIC_SetPriority  stm32f1xx_hal_cortex.o
    0x080026d0   0x00000028   Code   RO          863    i.HAL_NVIC_SetPriorityGrouping  stm32f1xx_hal_cortex.o
    0x080026f8   0x0000018c   Code   RO         1580    i.HAL_RCC_ClockConfig  stm32f1xx_hal_rcc.o
    0x08002884   0x0000000c   Code   RO         1585    i.HAL_RCC_GetHCLKFreq  stm32f1xx_hal_rcc.o
    0x08002890   0x00000020   Code   RO         1587    i.HAL_RCC_GetPCLK1Freq  stm32f1xx_hal_rcc.o
    0x080028b0   0x00000020   Code   RO         1588    i.HAL_RCC_GetPCLK2Freq  stm32f1xx_hal_rcc.o
    0x080028d0   0x00000094   Code   RO         1589    i.HAL_RCC_GetSysClockFreq  stm32f1xx_hal_rcc.o
    0x08002964   0x00000464   Code   RO         1592    i.HAL_RCC_OscConfig  stm32f1xx_hal_rcc.o
    0x08002dc8   0x00000034   Code   RO          867    i.HAL_SYSTICK_Config  stm32f1xx_hal_cortex.o
    0x08002dfc   0x00000002   Code   RO         2439    i.HAL_TIMEx_BreakCallback  stm32f1xx_hal_tim_ex.o
    0x08002dfe   0x00000002   Code   RO         2440    i.HAL_TIMEx_CommutCallback  stm32f1xx_hal_tim_ex.o
    0x08002e00   0x0000009c   Code   RO         2458    i.HAL_TIMEx_MasterConfigSynchronization  stm32f1xx_hal_tim_ex.o
    0x08002e9c   0x00000066   Code   RO         1724    i.HAL_TIM_Base_Init  stm32f1xx_hal_tim.o
    0x08002f02   0x00000002   PAD
    0x08002f04   0x000000b8   Code   RO         5201    i.HAL_TIM_Base_MspInit  tim.o
    0x08002fbc   0x00000090   Code   RO         1729    i.HAL_TIM_Base_Start_IT  stm32f1xx_hal_tim.o
    0x0800304c   0x00000108   Code   RO         1733    i.HAL_TIM_ConfigClockSource  stm32f1xx_hal_tim.o
    0x08003154   0x00000002   Code   RO         1758    i.HAL_TIM_IC_CaptureCallback  stm32f1xx_hal_tim.o
    0x08003156   0x00000196   Code   RO         1772    i.HAL_TIM_IRQHandler  stm32f1xx_hal_tim.o
    0x080032ec   0x00000002   Code   RO         1775    i.HAL_TIM_OC_DelayElapsedCallback  stm32f1xx_hal_tim.o
    0x080032ee   0x00000002   Code   RO         1802    i.HAL_TIM_PWM_PulseFinishedCallback  stm32f1xx_hal_tim.o
    0x080032f0   0x0000006c   Code   RO         4937    i.HAL_TIM_PeriodElapsedCallback  main.o
    0x0800335c   0x00000002   Code   RO         1815    i.HAL_TIM_TriggerCallback  stm32f1xx_hal_tim.o
    0x0800335e   0x00000002   Code   RO         2717    i.HAL_UARTEx_RxEventCallback  stm32f1xx_hal_uart.o
    0x08003360   0x00000002   Code   RO         2731    i.HAL_UART_ErrorCallback  stm32f1xx_hal_uart.o
    0x08003362   0x00000002   PAD
    0x08003364   0x0000024c   Code   RO         2734    i.HAL_UART_IRQHandler  stm32f1xx_hal_uart.o
    0x080035b0   0x00000072   Code   RO         2735    i.HAL_UART_Init     stm32f1xx_hal_uart.o
    0x08003622   0x00000002   PAD
    0x08003624   0x00000174   Code   RO         5255    i.HAL_UART_MspInit  usart.o
    0x08003798   0x00000002   Code   RO         2741    i.HAL_UART_RxCpltCallback  stm32f1xx_hal_uart.o
    0x0800379a   0x000000d2   Code   RO         2743    i.HAL_UART_Transmit  stm32f1xx_hal_uart.o
    0x0800386c   0x00000002   Code   RO         2746    i.HAL_UART_TxCpltCallback  stm32f1xx_hal_uart.o
    0x0800386e   0x00000004   Code   RO         5061    i.HardFault_Handler  stm32f1xx_it.o
    0x08003872   0x00000002   PAD
    0x08003874   0x000000a4   Code   RO          388    i.KEY_Scan          key.o
    0x08003918   0x00000040   Code   RO         4771    i.MX_CAN_Init       can.o
    0x08003958   0x00000044   Code   RO         4831    i.MX_DMA_Init       dma.o
    0x0800399c   0x00000038   Code   RO         4858    i.MX_FREERTOS_Init  freertos.o
    0x080039d4   0x00000104   Code   RO         4909    i.MX_GPIO_Init      gpio.o
    0x08003ad8   0x00000070   Code   RO         5202    i.MX_TIM3_Init      tim.o
    0x08003b48   0x00000070   Code   RO         5203    i.MX_TIM4_Init      tim.o
    0x08003bb8   0x0000004c   Code   RO         5204    i.MX_TIM6_Init      tim.o
    0x08003c04   0x00000038   Code   RO         5256    i.MX_USART1_UART_Init  usart.o
    0x08003c3c   0x00000038   Code   RO         5257    i.MX_USART2_UART_Init  usart.o
    0x08003c74   0x00000004   Code   RO         5062    i.MemManage_Handler  stm32f1xx_it.o
    0x08003c78   0x00000002   Code   RO         5063    i.NMI_Handler       stm32f1xx_it.o
    0x08003c7a   0x00000002   PAD
    0x08003c7c   0x00000028   Code   RO         1593    i.RCC_Delay         stm32f1xx_hal_rcc.o
    0x08003ca4   0x0000002c   Code   RO          297    i.Read_Angle_Cmd    dianji.o
    0x08003cd0   0x0000000a   Code   RO         4859    i.StartDefaultTask  freertos.o
    0x08003cda   0x0000000a   Code   RO         4860    i.StartTask02       freertos.o
    0x08003ce4   0x00000014   Code   RO         5064    i.SysTick_Handler   stm32f1xx_it.o
    0x08003cf8   0x00000066   Code   RO         4938    i.SystemClock_Config  main.o
    0x08003d5e   0x00000002   PAD
    0x08003d60   0x00000058   Code   RO         5164    i.SystemInit        system_stm32f1xx.o
    0x08003db8   0x00000010   Code   RO         5065    i.TIM3_IRQHandler   stm32f1xx_it.o
    0x08003dc8   0x00000010   Code   RO         5066    i.TIM4_IRQHandler   stm32f1xx_it.o
    0x08003dd8   0x00000010   Code   RO         5067    i.TIM6_IRQHandler   stm32f1xx_it.o
    0x08003de8   0x0000009c   Code   RO         1817    i.TIM_Base_SetConfig  stm32f1xx_hal_tim.o
    0x08003e84   0x00000016   Code   RO         1828    i.TIM_ETR_SetConfig  stm32f1xx_hal_tim.o
    0x08003e9a   0x00000012   Code   RO         1829    i.TIM_ITRx_SetConfig  stm32f1xx_hal_tim.o
    0x08003eac   0x00000026   Code   RO         1835    i.TIM_TI1_ConfigInputStage  stm32f1xx_hal_tim.o
    0x08003ed2   0x00000028   Code   RO         1837    i.TIM_TI2_ConfigInputStage  stm32f1xx_hal_tim.o
    0x08003efa   0x00000014   Code   RO         2748    i.UART_DMAAbortOnError  stm32f1xx_hal_uart.o
    0x08003f0e   0x00000036   Code   RO         2758    i.UART_EndRxTransfer  stm32f1xx_hal_uart.o
    0x08003f44   0x00000020   Code   RO         2759    i.UART_EndTransmit_IT  stm32f1xx_hal_uart.o
    0x08003f64   0x000000e4   Code   RO         2761    i.UART_Receive_IT   stm32f1xx_hal_uart.o
    0x08004048   0x000000fc   Code   RO         2762    i.UART_SetConfig    stm32f1xx_hal_uart.o
    0x08004144   0x00000060   Code   RO         2765    i.UART_Transmit_IT  stm32f1xx_hal_uart.o
    0x080041a4   0x0000006c   Code   RO         2766    i.UART_WaitOnFlagUntilTimeout  stm32f1xx_hal_uart.o
    0x08004210   0x00000010   Code   RO         5068    i.USART1_IRQHandler  stm32f1xx_it.o
    0x08004220   0x00000010   Code   RO         5069    i.USB_LP_CAN1_RX0_IRQHandler  stm32f1xx_it.o
    0x08004230   0x00000004   Code   RO         5070    i.UsageFault_Handler  stm32f1xx_it.o
    0x08004234   0x00000020   Code   RO         5586    i.__0printf         mc_w.l(printfa.o)
    0x08004254   0x00000028   Code   RO         5588    i.__0sprintf        mc_w.l(printfa.o)
    0x0800427c   0x00000028   Code   RO         5661    i.__ARM_fpclassify  m_ws.l(fpclassify.o)
    0x080042a4   0x00000010   Code   RO          869    i.__NVIC_GetPriorityGrouping  stm32f1xx_hal_cortex.o
    0x080042b4   0x00000028   Code   RO          870    i.__NVIC_SetPriority  stm32f1xx_hal_cortex.o
    0x080042dc   0x00000006   Code   RO         3074    i.__get_BASEPRI     cmsis_os2.o
    0x080042e2   0x00000006   Code   RO         3075    i.__get_IPSR        cmsis_os2.o
    0x080042e8   0x00000006   Code   RO         3076    i.__get_PRIMASK     cmsis_os2.o
    0x080042ee   0x00000002   PAD
    0x080042f0   0x00000388   Code   RO         5665    i.__ieee754_rem_pio2  m_ws.l(rred.o)
    0x08004678   0x000000fc   Code   RO         5644    i.__kernel_cos      m_ws.l(cos_i.o)
    0x08004774   0x000000aa   Code   RO         5663    i.__kernel_poly     m_ws.l(poly.o)
    0x0800481e   0x00000002   PAD
    0x08004820   0x000000ec   Code   RO         5670    i.__kernel_sin      m_ws.l(sin_i.o)
    0x0800490c   0x00000006   Code   RO         5648    i.__mathlib_dbl_infnan  m_ws.l(dunder.o)
    0x08004912   0x0000000c   Code   RO         5650    i.__mathlib_dbl_invalid  m_ws.l(dunder.o)
    0x0800491e   0x00000002   PAD
    0x08004920   0x00000010   Code   RO         5653    i.__mathlib_dbl_underflow  m_ws.l(dunder.o)
    0x08004930   0x0000000e   Code   RO         5727    i.__scatterload_copy  mc_w.l(handlers.o)
    0x0800493e   0x00000002   Code   RO         5728    i.__scatterload_null  mc_w.l(handlers.o)
    0x08004940   0x0000000e   Code   RO         5729    i.__scatterload_zeroinit  mc_w.l(handlers.o)
    0x0800494e   0x00000002   PAD
    0x08004950   0x0000000c   Code   RO         5701    i.__set_errno       mc_w.l(errno.o)
    0x0800495c   0x00000164   Code   RO         5593    i._fp_digits        mc_w.l(printfa.o)
    0x08004ac0   0x000006dc   Code   RO         5594    i._printf_core      mc_w.l(printfa.o)
    0x0800519c   0x00000024   Code   RO         5595    i._printf_post_padding  mc_w.l(printfa.o)
    0x080051c0   0x0000002e   Code   RO         5596    i._printf_pre_padding  mc_w.l(printfa.o)
    0x080051ee   0x0000000a   Code   RO         5598    i._sputc            mc_w.l(printfa.o)
    0x080051f8   0x0000009c   Code   RO         5317    i.cos               m_ws.l(cos.o)
    0x08005294   0x00000524   Code   RO          224    i.delta_calcForward  data.o
    0x080057b8   0x0000001c   Code   RO         4939    i.fputc             main.o
    0x080057d4   0x000002b8   Code   RO         4940    i.main              main.o
    0x08005a8c   0x00000144   Code   RO          226    i.map               data.o
    0x08005bd0   0x00000194   Code   RO         4941    i.mysprintf_toHMI   main.o
    0x08005d64   0x00000038   Code   RO         3077    i.osDelay           cmsis_os2.o
    0x08005d9c   0x00000040   Code   RO         3091    i.osKernelInitialize  cmsis_os2.o
    0x08005ddc   0x00000044   Code   RO         3094    i.osKernelStart     cmsis_os2.o
    0x08005e20   0x000000dc   Code   RO         3128    i.osThreadNew       cmsis_os2.o
    0x08005efc   0x00000100   Code   RO         4942    i.pattern           main.o
    0x08005ffc   0x0000007c   Code   RO         4254    i.prvAddCurrentTaskToDelayedList  tasks.o
    0x08006078   0x000000b8   Code   RO         4255    i.prvAddNewTaskToReadyList  tasks.o
    0x08006130   0x00000074   Code   RO         4615    i.prvCheckForValidListAndQueue  timers.o
    0x080061a4   0x00000048   Code   RO         4256    i.prvCheckTasksWaitingTermination  tasks.o
    0x080061ec   0x0000002a   Code   RO         3862    i.prvCopyDataFromQueue  queue.o
    0x08006216   0x0000007c   Code   RO         3863    i.prvCopyDataToQueue  queue.o
    0x08006292   0x00000050   Code   RO         4257    i.prvDeleteTCB      tasks.o
    0x080062e2   0x00000002   PAD
    0x080062e4   0x00000028   Code   RO         4616    i.prvGetNextExpireTime  timers.o
    0x0800630c   0x0000007c   Code   RO         3723    i.prvHeapInit       heap_4.o
    0x08006388   0x00000028   Code   RO         4258    i.prvIdleTask       tasks.o
    0x080063b0   0x0000002a   Code   RO         3866    i.prvInitialiseNewQueue  queue.o
    0x080063da   0x000000b4   Code   RO         4259    i.prvInitialiseNewTask  tasks.o
    0x0800648e   0x00000002   PAD
    0x08006490   0x00000068   Code   RO         4260    i.prvInitialiseTaskLists  tasks.o
    0x080064f8   0x00000068   Code   RO         3724    i.prvInsertBlockIntoFreeList  heap_4.o
    0x08006560   0x00000058   Code   RO         4618    i.prvInsertTimerInActiveList  timers.o
    0x080065b8   0x0000001a   Code   RO         3867    i.prvIsQueueEmpty   queue.o
    0x080065d2   0x0000001e   Code   RO         3868    i.prvIsQueueFull    queue.o
    0x080065f0   0x00000064   Code   RO         4619    i.prvProcessExpiredTimer  timers.o
    0x08006654   0x00000128   Code   RO         4620    i.prvProcessReceivedCommands  timers.o
    0x0800677c   0x00000074   Code   RO         4621    i.prvProcessTimerOrBlockTask  timers.o
    0x080067f0   0x00000034   Code   RO         4262    i.prvResetNextTaskUnblockTime  tasks.o
    0x08006824   0x0000002c   Code   RO         4622    i.prvSampleTimeNow  timers.o
    0x08006850   0x000000a0   Code   RO         4623    i.prvSwitchTimerLists  timers.o
    0x080068f0   0x00000040   Code   RO         3785    i.prvTaskExitError  port.o
    0x08006930   0x0000001a   Code   RO         4624    i.prvTimerTask      timers.o
    0x0800694a   0x0000007e   Code   RO         3869    i.prvUnlockQueue    queue.o
    0x080069c8   0x0000013c   Code   RO         3725    i.pvPortMalloc      heap_4.o
    0x08006b04   0x00000024   Code   RO         3786    i.pxPortInitialiseStack  port.o
    0x08006b28   0x00000180   Code   RO          227    i.run               data.o
    0x08006ca8   0x000000a0   Code   RO         5325    i.sin               m_ws.l(sin.o)
    0x08006d48   0x0000004c   Code   RO         5333    i.sqrt              m_ws.l(sqrt.o)
    0x08006d94   0x00000110   Code   RO         4944    i.test              main.o
    0x08006ea4   0x00000028   Code   RO         3684    i.uxListRemove      list.o
    0x08006ecc   0x00000018   Code   RO         3140    i.vApplicationGetIdleTaskMemory  cmsis_os2.o
    0x08006ee4   0x00000018   Code   RO         3141    i.vApplicationGetTimerTaskMemory  cmsis_os2.o
    0x08006efc   0x0000001a   Code   RO         3685    i.vListInitialise   list.o
    0x08006f16   0x00000006   Code   RO         3686    i.vListInitialiseItem  list.o
    0x08006f1c   0x00000034   Code   RO         3687    i.vListInsert       list.o
    0x08006f50   0x00000018   Code   RO         3688    i.vListInsertEnd    list.o
    0x08006f68   0x00000054   Code   RO         3788    i.vPortEnterCritical  port.o
    0x08006fbc   0x0000003c   Code   RO         3789    i.vPortExitCritical  port.o
    0x08006ff8   0x00000094   Code   RO         3726    i.vPortFree         heap_4.o
    0x0800708c   0x00000028   Code   RO         3790    i.vPortSetupTimerInterrupt  port.o
    0x080070b4   0x00000078   Code   RO         3791    i.vPortValidateInterruptPriority  port.o
    0x0800712c   0x0000002c   Code   RO         3875    i.vQueueAddToRegistry  queue.o
    0x08007158   0x0000004a   Code   RO         3879    i.vQueueWaitForMessageRestricted  queue.o
    0x080071a2   0x00000002   PAD
    0x080071a4   0x0000005c   Code   RO         4274    i.vTaskDelay        tasks.o
    0x08007200   0x00000018   Code   RO         4279    i.vTaskInternalSetTimeOutState  tasks.o
    0x08007218   0x0000000c   Code   RO         4280    i.vTaskMissedYield  tasks.o
    0x08007224   0x00000038   Code   RO         4282    i.vTaskPlaceOnEventList  tasks.o
    0x0800725c   0x00000040   Code   RO         4283    i.vTaskPlaceOnEventListRestricted  tasks.o
    0x0800729c   0x000000b8   Code   RO         4291    i.vTaskStartScheduler  tasks.o
    0x08007354   0x00000010   Code   RO         4293    i.vTaskSuspendAll   tasks.o
    0x08007364   0x00000090   Code   RO         4294    i.vTaskSwitchContext  tasks.o
    0x080073f4   0x000000f8   Code   RO         3792    i.xPortStartScheduler  port.o
    0x080074ec   0x00000034   Code   RO         3793    i.xPortSysTickHandler  port.o
    0x08007520   0x000000de   Code   RO         3885    i.xQueueGenericCreateStatic  queue.o
    0x080075fe   0x00000002   PAD
    0x08007600   0x00000098   Code   RO         3886    i.xQueueGenericReset  queue.o
    0x08007698   0x000001a8   Code   RO         3887    i.xQueueGenericSend  queue.o
    0x08007840   0x000000f8   Code   RO         3888    i.xQueueGenericSendFromISR  queue.o
    0x08007938   0x00000168   Code   RO         3897    i.xQueueReceive     queue.o
    0x08007aa0   0x0000008c   Code   RO         4295    i.xTaskCheckForTimeOut  tasks.o
    0x08007b2c   0x00000064   Code   RO         4296    i.xTaskCreate       tasks.o
    0x08007b90   0x000000b8   Code   RO         4297    i.xTaskCreateStatic  tasks.o
    0x08007c48   0x00000020   Code   RO         4301    i.xTaskGetSchedulerState  tasks.o
    0x08007c68   0x0000000c   Code   RO         4302    i.xTaskGetTickCount  tasks.o
    0x08007c74   0x00000144   Code   RO         4304    i.xTaskIncrementTick  tasks.o
    0x08007db8   0x000000a4   Code   RO         4307    i.xTaskPriorityDisinherit  tasks.o
    0x08007e5c   0x00000098   Code   RO         4309    i.xTaskRemoveFromEventList  tasks.o
    0x08007ef4   0x00000104   Code   RO         4310    i.xTaskResumeAll    tasks.o
    0x08007ff8   0x00000078   Code   RO         4631    i.xTimerCreateTimerTask  timers.o
    0x08008070   0x00000084   Code   RO         4632    i.xTimerGenericCommand  timers.o
    0x080080f4   0x00000048   Data   RO         4861    .constdata          freertos.o
    0x0800813c   0x00000018   Data   RO         5165    .constdata          system_stm32f1xx.o
    0x08008154   0x00000004   PAD
    0x08008158   0x00000030   Data   RO         5645    .constdata          m_ws.l(cos_i.o)
    0x08008188   0x000000c8   Data   RO         5667    .constdata          m_ws.l(rred.o)
    0x08008250   0x00000028   Data   RO         5671    .constdata          m_ws.l(sin_i.o)
    0x08008278   0x00000014   Data   RO         4862    .conststring        freertos.o
    0x0800828c   0x00000020   Data   RO         5725    Region$$Table       anon$$obj.o


    Execution Region RW_IRAM1 (Base: 0x20000000, Size: 0x00002108, Max: 0x00010000, ABSOLUTE, COMPRESSED[0x00000028])

    Base Addr    Size         Type   Attr      Idx    E Section Name        Object

    0x20000000   0x0000002a   Data   RW           18    .data               CAN_DZ.o
    0x2000002a   0x00000001   Data   RW          389    .data               key.o
    0x2000002b   0x00000001   PAD
    0x2000002c   0x00000009   Data   RW          471    .data               stm32f1xx_hal.o
    0x20000035   0x00000003   PAD
    0x20000038   0x00000004   Data   RW         3143    .data               cmsis_os2.o
    0x2000003c   0x00000018   Data   RW         3731    .data               heap_4.o
    0x20000054   0x0000000c   Data   RW         3794    .data               port.o
    0x20000060   0x0000003c   Data   RW         4313    .data               tasks.o
    0x2000009c   0x00000014   Data   RW         4640    .data               timers.o
    0x200000b0   0x00000008   Data   RW         4863    .data               freertos.o
    0x200000b8   0x000000b7   Data   RW         4946    .data               main.o
    0x2000016f   0x00000001   PAD
    0x20000170   0x00000004   Data   RW         5166    .data               system_stm32f1xx.o
    0x20000174   0x00000004   Data   RW         5690    .data               mc_w.l(stdout.o)
    0x20000178   0x00000004   Data   RW         5702    .data               mc_w.l(errno.o)
    0x2000017c   0x00000010   Zero   RW           17    .bss                CAN_DZ.o
    0x2000018c   0x00000048   Zero   RW          228    .bss                data.o
    0x200001d4   0x000006b8   Zero   RW         3142    .bss                cmsis_os2.o
    0x2000088c   0x00000c00   Zero   RW         3730    .bss                heap_4.o
    0x2000148c   0x00000040   Zero   RW         3901    .bss                queue.o
    0x200014cc   0x000004c4   Zero   RW         4312    .bss                tasks.o
    0x20001990   0x00000118   Zero   RW         4639    .bss                timers.o
    0x20001aa8   0x00000028   Zero   RW         4772    .bss                can.o
    0x20001ad0   0x00000050   Zero   RW         4945    .bss                main.o
    0x20001b20   0x000000d8   Zero   RW         5205    .bss                tim.o
    0x20001bf8   0x00000110   Zero   RW         5258    .bss                usart.o
    0x20001d08   0x00000400   Zero   RW         5299    STACK               startup_stm32f103xe.o


==============================================================================

Image component sizes


      Code (inc. data)   RO Data    RW Data    ZI Data      Debug   Object Name

       638         50          0         42         16     501946   CAN_DZ.o
      1292         88          0          0         40       3946   can.o
       474         38          0          4       1720      37882   cmsis_os2.o
         0          0          0          0          0       4800   croutine.o
      2024        168          0          0         72       3875   data.o
        44          4          0          0          0        501   dianji.o
        68          4          0          0          0        686   dma.o
         0          0          0          0          0       9956   event_groups.o
        76         24         92          8          0       5734   freertos.o
       260         18          0          0          0        911   gpio.o
       692         62          0         24       3072      20627   heap_4.o
       164         14          0          1          0        639   key.o
       148          0          0          0          0       3274   list.o
      1868        508          0        183         80       6661   main.o
       854         78          0         12          0      11085   port.o
      1914         20          0          0         64      13624   queue.o
        36          8        304          0       1024        744   startup_stm32f103xe.o
       192         36          0          9          0       6281   stm32f1xx_hal.o
      2162          0          0          0          0      13821   stm32f1xx_hal_can.o
       304         22          0          0          0      29183   stm32f1xx_hal_cortex.o
      1570         28          0          0          0       3599   stm32f1xx_hal_dma.o
       880         40          0          0          0       3820   stm32f1xx_hal_gpio.o
        96         10          0          0          0        830   stm32f1xx_hal_msp.o
      1784        110          0          0          0       5812   stm32f1xx_hal_rcc.o
      1198         44          0          0          0       8787   stm32f1xx_hal_tim.o
       160         22          0          0          0       2293   stm32f1xx_hal_tim_ex.o
      1710         10          0          0          0       9856   stm32f1xx_hal_uart.o
       152         42          0          0          0       5924   stm32f1xx_it.o
        88         18         24          4          0       1079   system_stm32f1xx.o
      2796        346          0         60       1220      22802   tasks.o
       484         46          0          0        216       2684   tim.o
      1238        124          0         20        280       9939   timers.o
       484         50          0          0        272       2281   usart.o

    ----------------------------------------------------------------------
     25880       2032        456        372       8076     755882   Object Totals
         0          0         32          0          0          0   (incl. Generated)
        30          0          4          5          0          0   (incl. Padding)

    ----------------------------------------------------------------------

      Code (inc. data)   RO Data    RW Data    ZI Data      Debug   Library Member Name

       156          8          0          0          0        104   cos.o
       252         22         48          0          0        124   cos_i.o
        34          6          0          0          0        204   dunder.o
        40          0          0          0          0         68   fpclassify.o
       170          0          0          0          0         96   poly.o
       904         76        200          0          0        140   rred.o
       160         10          0          0          0        108   sin.o
       236         12         40          0          0        128   sin_i.o
        76          0          0          0          0         84   sqrt.o
        58          0          0          0          0          0   __dczerorl.o
         0          0          0          0          0          0   entry.o
         0          0          0          0          0          0   entry10a.o
         0          0          0          0          0          0   entry11a.o
         8          4          0          0          0          0   entry2.o
         4          0          0          0          0          0   entry5.o
         0          0          0          0          0          0   entry7b.o
         0          0          0          0          0          0   entry8b.o
         8          4          0          0          0          0   entry9a.o
        12          6          0          4          0         68   errno.o
        30          0          0          0          0          0   handlers.o
        36          8          0          0          0         68   init.o
         0          0          0          0          0          0   iusefp.o
        30          0          0          0          0         68   llshl.o
        36          0          0          0          0         68   llsshr.o
        32          0          0          0          0         68   llushr.o
        36          0          0          0          0         68   memcpya.o
        36          0          0          0          0        108   memseta.o
      2276         96          0          0          0        596   printfa.o
         0          0          0          4          0          0   stdout.o
        44          0          0          0          0         80   uidiv.o
        98          0          0          0          0         92   uldiv.o
        48          0          0          0          0         68   cdrcmple.o
        20          0          0          0          0         68   cfcmple.o
        56          0          0          0          0         88   d2f.o
       334          0          0          0          0        148   dadd.o
       222          0          0          0          0        100   ddiv.o
       186          0          0          0          0        176   depilogue.o
        62          0          0          0          0         80   dfixi.o
        48          0          0          0          0         68   dfixul.o
        34          0          0          0          0         76   dflti.o
        26          0          0          0          0         76   dfltui.o
       228          0          0          0          0         96   dmul.o
        46          0          0          0          0         80   dscalb.o
       162          0          0          0          0        100   dsqrt.o
        38          0          0          0          0         68   f2d.o
       176          0          0          0          0        140   fadd.o
       124          0          0          0          0         88   fdiv.o
       110          0          0          0          0        168   fepilogue.o
        18          0          0          0          0         68   fflti.o
        10          0          0          0          0         68   ffltui.o
       100          0          0          0          0         76   fmul.o

    ----------------------------------------------------------------------
      6828        252        288          8          0       4240   Library Totals
         8          0          0          0          0          0   (incl. Padding)

    ----------------------------------------------------------------------

      Code (inc. data)   RO Data    RW Data    ZI Data      Debug   Library Name

      2028        134        288          0          0       1056   m_ws.l
      2744        118          0          8          0       1284   mc_w.l
      2048          0          0          0          0       1900   mf_w.l

    ----------------------------------------------------------------------
      6828        252        288          8          0       4240   Library Totals

    ----------------------------------------------------------------------

==============================================================================


      Code (inc. data)   RO Data    RW Data    ZI Data      Debug   

     32708       2284        744        380       8076     747718   Grand Totals
     32708       2284        744         40       8076     747718   ELF Image Totals (compressed)
     32708       2284        744         40          0          0   ROM Totals

==============================================================================

    Total RO  Size (Code + RO Data)                33452 (  32.67kB)
    Total RW  Size (RW Data + ZI Data)              8456 (   8.26kB)
    Total ROM Size (Code + RO Data + RW Data)      33492 (  32.71kB)

==============================================================================

